D:/Users/soumy/GitHub/STM32_MCU_Peripherals/Peripherals/SPI_Test/SPI_FullDuplex_ComPolling/Src/main.c:62:5:main	8
D:/Users/soumy/GitHub/STM32_MCU_Peripherals/Peripherals/SPI_Test/SPI_FullDuplex_ComPolling/Src/main.c:166:13:Error_Handler	1
D:/Users/soumy/GitHub/STM32_MCU_Peripherals/Peripherals/SPI_Test/SPI_FullDuplex_ComPolling/Src/main.c:195:13:SystemClock_Config	1
D:/Users/soumy/GitHub/STM32_MCU_Peripherals/Peripherals/SPI_Test/SPI_FullDuplex_ComPolling/Src/main.c:239:7:HAL_SPI_ErrorCallback	1
D:/Users/soumy/GitHub/STM32_MCU_Peripherals/Peripherals/SPI_Test/SPI_FullDuplex_ComPolling/Src/main.c:250:13:Timeout_Error_Handler	1
D:/Users/soumy/GitHub/STM32_MCU_Peripherals/Peripherals/SPI_Test/SPI_FullDuplex_ComPolling/Src/main.c:269:17:Buffercmp	3
