../Src/uart_sameboard.c:12:6:UART_GPIO_ClockEnable	16	static
../Src/uart_sameboard.c:32:6:UART_GPIOConfig	16	static
../Src/uart_sameboard.c:53:6:UART_Periph_ClockEnable	16	static
../Src/uart_sameboard.c:73:6:UART_Init	24	static
../Src/uart_sameboard.c:109:6:UART_DeInit	16	static
../Src/uart_sameboard.c:120:10:UART_BaudRate	32	static
../Src/uart_sameboard.c:138:6:UART_RxCmpltCallBack	16	static
../Src/uart_sameboard.c:157:6:UART_RxHandler	16	static
../Src/uart_sameboard.c:162:6:USART1_IRQHandler	8	static
../Src/uart_sameboard.c:166:6:USART2_IRQHandler	8	static
