../Drivers/STM32F4xx_HAL_Driver/Src/stm32f4xx_hal_timebase_rtc_wakeup_template.c:104:19:HAL_InitTick	120	static
../Drivers/STM32F4xx_HAL_Driver/Src/stm32f4xx_hal_timebase_rtc_wakeup_template.c:239:6:HAL_SuspendTick	4	static
../Drivers/STM32F4xx_HAL_Driver/Src/stm32f4xx_hal_timebase_rtc_wakeup_template.c:254:6:HAL_ResumeTick	4	static
../Drivers/STM32F4xx_HAL_Driver/Src/stm32f4xx_hal_timebase_rtc_wakeup_template.c:272:6:HAL_RTCEx_WakeUpTimerEventCallback	16	static
../Drivers/STM32F4xx_HAL_Driver/Src/stm32f4xx_hal_timebase_rtc_wakeup_template.c:281:6:RTC_WKUP_IRQHandler	8	static
