D:/Users/soumy/GitHub/STM32_MCU_Peripherals/Peripherals/SPI_Test_F407_Slave/SPI_FullDuplex_ComPolling/Drivers/STM32F4xx_HAL_Driver/Src/stm32f4xx_hal_spi.c:311:19:HAL_SPI_Init	16	static
D:/Users/soumy/GitHub/STM32_MCU_Peripherals/Peripherals/SPI_Test_F407_Slave/SPI_FullDuplex_ComPolling/Drivers/STM32F4xx_HAL_Driver/Src/stm32f4xx_hal_spi.c:437:19:HAL_SPI_DeInit	16	static
D:/Users/soumy/GitHub/STM32_MCU_Peripherals/Peripherals/SPI_Test_F407_Slave/SPI_FullDuplex_ComPolling/Drivers/STM32F4xx_HAL_Driver/Src/stm32f4xx_hal_spi.c:481:13:HAL_SPI_MspInit	16	static
D:/Users/soumy/GitHub/STM32_MCU_Peripherals/Peripherals/SPI_Test_F407_Slave/SPI_FullDuplex_ComPolling/Drivers/STM32F4xx_HAL_Driver/Src/stm32f4xx_hal_spi.c:497:13:HAL_SPI_MspDeInit	16	static
D:/Users/soumy/GitHub/STM32_MCU_Peripherals/Peripherals/SPI_Test_F407_Slave/SPI_FullDuplex_ComPolling/Drivers/STM32F4xx_HAL_Driver/Src/stm32f4xx_hal_spi.c:769:19:HAL_SPI_Transmit	40	static
D:/Users/soumy/GitHub/STM32_MCU_Peripherals/Peripherals/SPI_Test_F407_Slave/SPI_FullDuplex_ComPolling/Drivers/STM32F4xx_HAL_Driver/Src/stm32f4xx_hal_spi.c:939:19:HAL_SPI_Receive	40	static
D:/Users/soumy/GitHub/STM32_MCU_Peripherals/Peripherals/SPI_Test_F407_Slave/SPI_FullDuplex_ComPolling/Drivers/STM32F4xx_HAL_Driver/Src/stm32f4xx_hal_spi.c:1142:19:HAL_SPI_TransmitReceive	56	static
D:/Users/soumy/GitHub/STM32_MCU_Peripherals/Peripherals/SPI_Test_F407_Slave/SPI_FullDuplex_ComPolling/Drivers/STM32F4xx_HAL_Driver/Src/stm32f4xx_hal_spi.c:1394:19:HAL_SPI_Transmit_IT	32	static
D:/Users/soumy/GitHub/STM32_MCU_Peripherals/Peripherals/SPI_Test_F407_Slave/SPI_FullDuplex_ComPolling/Drivers/STM32F4xx_HAL_Driver/Src/stm32f4xx_hal_spi.c:1480:19:HAL_SPI_Receive_IT	32	static
D:/Users/soumy/GitHub/STM32_MCU_Peripherals/Peripherals/SPI_Test_F407_Slave/SPI_FullDuplex_ComPolling/Drivers/STM32F4xx_HAL_Driver/Src/stm32f4xx_hal_spi.c:1576:19:HAL_SPI_TransmitReceive_IT	32	static
D:/Users/soumy/GitHub/STM32_MCU_Peripherals/Peripherals/SPI_Test_F407_Slave/SPI_FullDuplex_ComPolling/Drivers/STM32F4xx_HAL_Driver/Src/stm32f4xx_hal_spi.c:1665:19:HAL_SPI_Transmit_DMA	32	static
D:/Users/soumy/GitHub/STM32_MCU_Peripherals/Peripherals/SPI_Test_F407_Slave/SPI_FullDuplex_ComPolling/Drivers/STM32F4xx_HAL_Driver/Src/stm32f4xx_hal_spi.c:1772:19:HAL_SPI_Receive_DMA	32	static
D:/Users/soumy/GitHub/STM32_MCU_Peripherals/Peripherals/SPI_Test_F407_Slave/SPI_FullDuplex_ComPolling/Drivers/STM32F4xx_HAL_Driver/Src/stm32f4xx_hal_spi.c:1886:19:HAL_SPI_TransmitReceive_DMA	32	static
D:/Users/soumy/GitHub/STM32_MCU_Peripherals/Peripherals/SPI_Test_F407_Slave/SPI_FullDuplex_ComPolling/Drivers/STM32F4xx_HAL_Driver/Src/stm32f4xx_hal_spi.c:2030:19:HAL_SPI_Abort	40	static
D:/Users/soumy/GitHub/STM32_MCU_Peripherals/Peripherals/SPI_Test_F407_Slave/SPI_FullDuplex_ComPolling/Drivers/STM32F4xx_HAL_Driver/Src/stm32f4xx_hal_spi.c:2175:19:HAL_SPI_Abort_IT	40	static
D:/Users/soumy/GitHub/STM32_MCU_Peripherals/Peripherals/SPI_Test_F407_Slave/SPI_FullDuplex_ComPolling/Drivers/STM32F4xx_HAL_Driver/Src/stm32f4xx_hal_spi.c:2336:19:HAL_SPI_DMAPause	16	static
D:/Users/soumy/GitHub/STM32_MCU_Peripherals/Peripherals/SPI_Test_F407_Slave/SPI_FullDuplex_ComPolling/Drivers/STM32F4xx_HAL_Driver/Src/stm32f4xx_hal_spi.c:2356:19:HAL_SPI_DMAResume	16	static
D:/Users/soumy/GitHub/STM32_MCU_Peripherals/Peripherals/SPI_Test_F407_Slave/SPI_FullDuplex_ComPolling/Drivers/STM32F4xx_HAL_Driver/Src/stm32f4xx_hal_spi.c:2376:19:HAL_SPI_DMAStop	24	static
D:/Users/soumy/GitHub/STM32_MCU_Peripherals/Peripherals/SPI_Test_F407_Slave/SPI_FullDuplex_ComPolling/Drivers/STM32F4xx_HAL_Driver/Src/stm32f4xx_hal_spi.c:2416:6:HAL_SPI_IRQHandler	40	static
D:/Users/soumy/GitHub/STM32_MCU_Peripherals/Peripherals/SPI_Test_F407_Slave/SPI_FullDuplex_ComPolling/Drivers/STM32F4xx_HAL_Driver/Src/stm32f4xx_hal_spi.c:2523:13:HAL_SPI_TxCpltCallback	16	static
D:/Users/soumy/GitHub/STM32_MCU_Peripherals/Peripherals/SPI_Test_F407_Slave/SPI_FullDuplex_ComPolling/Drivers/STM32F4xx_HAL_Driver/Src/stm32f4xx_hal_spi.c:2539:13:HAL_SPI_RxCpltCallback	16	static
D:/Users/soumy/GitHub/STM32_MCU_Peripherals/Peripherals/SPI_Test_F407_Slave/SPI_FullDuplex_ComPolling/Drivers/STM32F4xx_HAL_Driver/Src/stm32f4xx_hal_spi.c:2555:13:HAL_SPI_TxRxCpltCallback	16	static
D:/Users/soumy/GitHub/STM32_MCU_Peripherals/Peripherals/SPI_Test_F407_Slave/SPI_FullDuplex_ComPolling/Drivers/STM32F4xx_HAL_Driver/Src/stm32f4xx_hal_spi.c:2571:13:HAL_SPI_TxHalfCpltCallback	16	static
D:/Users/soumy/GitHub/STM32_MCU_Peripherals/Peripherals/SPI_Test_F407_Slave/SPI_FullDuplex_ComPolling/Drivers/STM32F4xx_HAL_Driver/Src/stm32f4xx_hal_spi.c:2587:13:HAL_SPI_RxHalfCpltCallback	16	static
D:/Users/soumy/GitHub/STM32_MCU_Peripherals/Peripherals/SPI_Test_F407_Slave/SPI_FullDuplex_ComPolling/Drivers/STM32F4xx_HAL_Driver/Src/stm32f4xx_hal_spi.c:2603:13:HAL_SPI_TxRxHalfCpltCallback	16	static
D:/Users/soumy/GitHub/STM32_MCU_Peripherals/Peripherals/SPI_Test_F407_Slave/SPI_FullDuplex_ComPolling/Drivers/STM32F4xx_HAL_Driver/Src/stm32f4xx_hal_spi.c:2619:13:HAL_SPI_ErrorCallback	16	static
D:/Users/soumy/GitHub/STM32_MCU_Peripherals/Peripherals/SPI_Test_F407_Slave/SPI_FullDuplex_ComPolling/Drivers/STM32F4xx_HAL_Driver/Src/stm32f4xx_hal_spi.c:2637:13:HAL_SPI_AbortCpltCallback	16	static
D:/Users/soumy/GitHub/STM32_MCU_Peripherals/Peripherals/SPI_Test_F407_Slave/SPI_FullDuplex_ComPolling/Drivers/STM32F4xx_HAL_Driver/Src/stm32f4xx_hal_spi.c:2672:22:HAL_SPI_GetState	16	static
D:/Users/soumy/GitHub/STM32_MCU_Peripherals/Peripherals/SPI_Test_F407_Slave/SPI_FullDuplex_ComPolling/Drivers/STM32F4xx_HAL_Driver/Src/stm32f4xx_hal_spi.c:2684:10:HAL_SPI_GetError	16	static
D:/Users/soumy/GitHub/STM32_MCU_Peripherals/Peripherals/SPI_Test_F407_Slave/SPI_FullDuplex_ComPolling/Drivers/STM32F4xx_HAL_Driver/Src/stm32f4xx_hal_spi.c:2709:13:SPI_DMATransmitCplt	32	static
D:/Users/soumy/GitHub/STM32_MCU_Peripherals/Peripherals/SPI_Test_F407_Slave/SPI_FullDuplex_ComPolling/Drivers/STM32F4xx_HAL_Driver/Src/stm32f4xx_hal_spi.c:2766:13:SPI_DMAReceiveCplt	24	static
D:/Users/soumy/GitHub/STM32_MCU_Peripherals/Peripherals/SPI_Test_F407_Slave/SPI_FullDuplex_ComPolling/Drivers/STM32F4xx_HAL_Driver/Src/stm32f4xx_hal_spi.c:2855:13:SPI_DMATransmitReceiveCplt	24	static
D:/Users/soumy/GitHub/STM32_MCU_Peripherals/Peripherals/SPI_Test_F407_Slave/SPI_FullDuplex_ComPolling/Drivers/STM32F4xx_HAL_Driver/Src/stm32f4xx_hal_spi.c:2935:13:SPI_DMAHalfTransmitCplt	24	static
D:/Users/soumy/GitHub/STM32_MCU_Peripherals/Peripherals/SPI_Test_F407_Slave/SPI_FullDuplex_ComPolling/Drivers/STM32F4xx_HAL_Driver/Src/stm32f4xx_hal_spi.c:2953:13:SPI_DMAHalfReceiveCplt	24	static
D:/Users/soumy/GitHub/STM32_MCU_Peripherals/Peripherals/SPI_Test_F407_Slave/SPI_FullDuplex_ComPolling/Drivers/STM32F4xx_HAL_Driver/Src/stm32f4xx_hal_spi.c:2971:13:SPI_DMAHalfTransmitReceiveCplt	24	static
D:/Users/soumy/GitHub/STM32_MCU_Peripherals/Peripherals/SPI_Test_F407_Slave/SPI_FullDuplex_ComPolling/Drivers/STM32F4xx_HAL_Driver/Src/stm32f4xx_hal_spi.c:2989:13:SPI_DMAError	24	static
D:/Users/soumy/GitHub/STM32_MCU_Peripherals/Peripherals/SPI_Test_F407_Slave/SPI_FullDuplex_ComPolling/Drivers/STM32F4xx_HAL_Driver/Src/stm32f4xx_hal_spi.c:3012:13:SPI_DMAAbortOnError	24	static
D:/Users/soumy/GitHub/STM32_MCU_Peripherals/Peripherals/SPI_Test_F407_Slave/SPI_FullDuplex_ComPolling/Drivers/STM32F4xx_HAL_Driver/Src/stm32f4xx_hal_spi.c:3034:13:SPI_DMATxAbortCallback	32	static
D:/Users/soumy/GitHub/STM32_MCU_Peripherals/Peripherals/SPI_Test_F407_Slave/SPI_FullDuplex_ComPolling/Drivers/STM32F4xx_HAL_Driver/Src/stm32f4xx_hal_spi.c:3099:13:SPI_DMARxAbortCallback	32	static
D:/Users/soumy/GitHub/STM32_MCU_Peripherals/Peripherals/SPI_Test_F407_Slave/SPI_FullDuplex_ComPolling/Drivers/STM32F4xx_HAL_Driver/Src/stm32f4xx_hal_spi.c:3158:13:SPI_2linesRxISR_8BIT	16	static
D:/Users/soumy/GitHub/STM32_MCU_Peripherals/Peripherals/SPI_Test_F407_Slave/SPI_FullDuplex_ComPolling/Drivers/STM32F4xx_HAL_Driver/Src/stm32f4xx_hal_spi.c:3221:13:SPI_2linesTxISR_8BIT	16	static
D:/Users/soumy/GitHub/STM32_MCU_Peripherals/Peripherals/SPI_Test_F407_Slave/SPI_FullDuplex_ComPolling/Drivers/STM32F4xx_HAL_Driver/Src/stm32f4xx_hal_spi.c:3257:13:SPI_2linesRxISR_16BIT	16	static
D:/Users/soumy/GitHub/STM32_MCU_Peripherals/Peripherals/SPI_Test_F407_Slave/SPI_FullDuplex_ComPolling/Drivers/STM32F4xx_HAL_Driver/Src/stm32f4xx_hal_spi.c:3313:13:SPI_2linesTxISR_16BIT	16	static
D:/Users/soumy/GitHub/STM32_MCU_Peripherals/Peripherals/SPI_Test_F407_Slave/SPI_FullDuplex_ComPolling/Drivers/STM32F4xx_HAL_Driver/Src/stm32f4xx_hal_spi.c:3373:13:SPI_RxISR_8BIT	16	static
D:/Users/soumy/GitHub/STM32_MCU_Peripherals/Peripherals/SPI_Test_F407_Slave/SPI_FullDuplex_ComPolling/Drivers/STM32F4xx_HAL_Driver/Src/stm32f4xx_hal_spi.c:3429:13:SPI_RxISR_16BIT	16	static
D:/Users/soumy/GitHub/STM32_MCU_Peripherals/Peripherals/SPI_Test_F407_Slave/SPI_FullDuplex_ComPolling/Drivers/STM32F4xx_HAL_Driver/Src/stm32f4xx_hal_spi.c:3462:13:SPI_TxISR_8BIT	16	static
D:/Users/soumy/GitHub/STM32_MCU_Peripherals/Peripherals/SPI_Test_F407_Slave/SPI_FullDuplex_ComPolling/Drivers/STM32F4xx_HAL_Driver/Src/stm32f4xx_hal_spi.c:3487:13:SPI_TxISR_16BIT	16	static
D:/Users/soumy/GitHub/STM32_MCU_Peripherals/Peripherals/SPI_Test_F407_Slave/SPI_FullDuplex_ComPolling/Drivers/STM32F4xx_HAL_Driver/Src/stm32f4xx_hal_spi.c:3517:26:SPI_WaitFlagStateUntilTimeout	40	static
D:/Users/soumy/GitHub/STM32_MCU_Peripherals/Peripherals/SPI_Test_F407_Slave/SPI_FullDuplex_ComPolling/Drivers/STM32F4xx_HAL_Driver/Src/stm32f4xx_hal_spi.c:3584:26:SPI_EndRxTransaction	32	static
D:/Users/soumy/GitHub/STM32_MCU_Peripherals/Peripherals/SPI_Test_F407_Slave/SPI_FullDuplex_ComPolling/Drivers/STM32F4xx_HAL_Driver/Src/stm32f4xx_hal_spi.c:3634:26:SPI_EndRxTxTransaction	40	static
D:/Users/soumy/GitHub/STM32_MCU_Peripherals/Peripherals/SPI_Test_F407_Slave/SPI_FullDuplex_ComPolling/Drivers/STM32F4xx_HAL_Driver/Src/stm32f4xx_hal_spi.c:3681:13:SPI_CloseRxTx_ISR	32	static
D:/Users/soumy/GitHub/STM32_MCU_Peripherals/Peripherals/SPI_Test_F407_Slave/SPI_FullDuplex_ComPolling/Drivers/STM32F4xx_HAL_Driver/Src/stm32f4xx_hal_spi.c:3776:13:SPI_CloseRx_ISR	24	static
D:/Users/soumy/GitHub/STM32_MCU_Peripherals/Peripherals/SPI_Test_F407_Slave/SPI_FullDuplex_ComPolling/Drivers/STM32F4xx_HAL_Driver/Src/stm32f4xx_hal_spi.c:3839:13:SPI_CloseTx_ISR	32	static
D:/Users/soumy/GitHub/STM32_MCU_Peripherals/Peripherals/SPI_Test_F407_Slave/SPI_FullDuplex_ComPolling/Drivers/STM32F4xx_HAL_Driver/Src/stm32f4xx_hal_spi.c:3900:13:SPI_AbortRx_ISR	24	static
D:/Users/soumy/GitHub/STM32_MCU_Peripherals/Peripherals/SPI_Test_F407_Slave/SPI_FullDuplex_ComPolling/Drivers/STM32F4xx_HAL_Driver/Src/stm32f4xx_hal_spi.c:3936:13:SPI_AbortTx_ISR	16	static
