D:/Users/soumy/GitHub/STM32_MCU_Peripherals/STM32_TwoBoards_Slave/I2C_TwoBoards_ComPolling/Src/main.c:62:5:main	6
D:/Users/soumy/GitHub/STM32_MCU_Peripherals/STM32_TwoBoards_Slave/I2C_TwoBoards_ComPolling/Src/main.c:214:13:Error_Handler	1
D:/Users/soumy/GitHub/STM32_MCU_Peripherals/STM32_TwoBoards_Slave/I2C_TwoBoards_ComPolling/Src/main.c:248:13:SystemClock_Config	2
D:/Users/soumy/GitHub/STM32_MCU_Peripherals/STM32_TwoBoards_Slave/I2C_TwoBoards_ComPolling/Src/main.c:296:7:HAL_I2C_ErrorCallback	1
D:/Users/soumy/GitHub/STM32_MCU_Peripherals/STM32_TwoBoards_Slave/I2C_TwoBoards_ComPolling/Src/main.c:309:17:Buffercmp	3
