D:/Users/soumy/GitHub/STM32_MCU_Peripherals/STM32_TwoBoards_Slave/I2C_TwoBoards_ComPolling/Src/main.c:62:5:main	16	static
D:/Users/soumy/GitHub/STM32_MCU_Peripherals/STM32_TwoBoards_Slave/I2C_TwoBoards_ComPolling/Src/main.c:214:13:Error_Handler	8	static
D:/Users/soumy/GitHub/STM32_MCU_Peripherals/STM32_TwoBoards_Slave/I2C_TwoBoards_ComPolling/Src/main.c:248:13:SystemClock_Config	88	static
D:/Users/soumy/GitHub/STM32_MCU_Peripherals/STM32_TwoBoards_Slave/I2C_TwoBoards_ComPolling/Src/main.c:296:7:HAL_I2C_ErrorCallback	16	static
D:/Users/soumy/GitHub/STM32_MCU_Peripherals/STM32_TwoBoards_Slave/I2C_TwoBoards_ComPolling/Src/main.c:309:17:Buffercmp	24	static
