11:51:02 **** Build of configuration Debug for project stm32f429_i2c_driver ****
make -j8 all 
arm-none-eabi-gcc -mcpu=cortex-m4 -g3 -DDEBUG -c -x assembler-with-cpp -MMD -MP -MF"Startup/startup_stm32f429zitx.d" -MT"Startup/startup_stm32f429zitx.o" --specs=nano.specs -mfpu=fpv4-sp-d16 -mfloat-abi=hard -mthumb -o "Startup/startup_stm32f429zitx.o" "../Startup/startup_stm32f429zitx.s"
arm-none-eabi-gcc "../Src/main.c" -mcpu=cortex-m4 -std=gnu11 -g3 -DDEBUG -DSTM32F429I_DISC1 -DSTM32 -DSTM32F429ZITx -DSTM32F4 -c -I../Inc -I"D:/Users/soumy/GitHub/STM32_MCU_Peripherals/Peripherals/I2C_Test/stm32f429_i2c_driver/Drivers/CMSIS/Include" -O0 -ffunction-sections -fdata-sections -Wall -fstack-usage -fcyclomatic-complexity -MMD -MP -MF"Src/main.d" -MT"Src/main.o" --specs=nano.specs -mfpu=fpv4-sp-d16 -mfloat-abi=hard -mthumb -o "Src/main.o"
arm-none-eabi-gcc "../Src/stm32f429xx_gpio_driver.c" -mcpu=cortex-m4 -std=gnu11 -g3 -DDEBUG -DSTM32F429I_DISC1 -DSTM32 -DSTM32F429ZITx -DSTM32F4 -c -I../Inc -I"D:/Users/soumy/GitHub/STM32_MCU_Peripherals/Peripherals/I2C_Test/stm32f429_i2c_driver/Drivers/CMSIS/Include" -O0 -ffunction-sections -fdata-sections -Wall -fstack-usage -fcyclomatic-complexity -MMD -MP -MF"Src/stm32f429xx_gpio_driver.d" -MT"Src/stm32f429xx_gpio_driver.o" --specs=nano.specs -mfpu=fpv4-sp-d16 -mfloat-abi=hard -mthumb -o "Src/stm32f429xx_gpio_driver.o"
arm-none-eabi-gcc "../Src/stm32f429xx_i2c_driver.c" -mcpu=cortex-m4 -std=gnu11 -g3 -DDEBUG -DSTM32F429I_DISC1 -DSTM32 -DSTM32F429ZITx -DSTM32F4 -c -I../Inc -I"D:/Users/soumy/GitHub/STM32_MCU_Peripherals/Peripherals/I2C_Test/stm32f429_i2c_driver/Drivers/CMSIS/Include" -O0 -ffunction-sections -fdata-sections -Wall -fstack-usage -fcyclomatic-complexity -MMD -MP -MF"Src/stm32f429xx_i2c_driver.d" -MT"Src/stm32f429xx_i2c_driver.o" --specs=nano.specs -mfpu=fpv4-sp-d16 -mfloat-abi=hard -mthumb -o "Src/stm32f429xx_i2c_driver.o"
arm-none-eabi-gcc "../Src/stm32f429xx_rcc_driver.c" -mcpu=cortex-m4 -std=gnu11 -g3 -DDEBUG -DSTM32F429I_DISC1 -DSTM32 -DSTM32F429ZITx -DSTM32F4 -c -I../Inc -I"D:/Users/soumy/GitHub/STM32_MCU_Peripherals/Peripherals/I2C_Test/stm32f429_i2c_driver/Drivers/CMSIS/Include" -O0 -ffunction-sections -fdata-sections -Wall -fstack-usage -fcyclomatic-complexity -MMD -MP -MF"Src/stm32f429xx_rcc_driver.d" -MT"Src/stm32f429xx_rcc_driver.o" --specs=nano.specs -mfpu=fpv4-sp-d16 -mfloat-abi=hard -mthumb -o "Src/stm32f429xx_rcc_driver.o"
arm-none-eabi-gcc "../Src/syscalls.c" -mcpu=cortex-m4 -std=gnu11 -g3 -DDEBUG -DSTM32F429I_DISC1 -DSTM32 -DSTM32F429ZITx -DSTM32F4 -c -I../Inc -I"D:/Users/soumy/GitHub/STM32_MCU_Peripherals/Peripherals/I2C_Test/stm32f429_i2c_driver/Drivers/CMSIS/Include" -O0 -ffunction-sections -fdata-sections -Wall -fstack-usage -fcyclomatic-complexity -MMD -MP -MF"Src/syscalls.d" -MT"Src/syscalls.o" --specs=nano.specs -mfpu=fpv4-sp-d16 -mfloat-abi=hard -mthumb -o "Src/syscalls.o"
arm-none-eabi-gcc "../Src/sysmem.c" -mcpu=cortex-m4 -std=gnu11 -g3 -DDEBUG -DSTM32F429I_DISC1 -DSTM32 -DSTM32F429ZITx -DSTM32F4 -c -I../Inc -I"D:/Users/soumy/GitHub/STM32_MCU_Peripherals/Peripherals/I2C_Test/stm32f429_i2c_driver/Drivers/CMSIS/Include" -O0 -ffunction-sections -fdata-sections -Wall -fstack-usage -fcyclomatic-complexity -MMD -MP -MF"Src/sysmem.d" -MT"Src/sysmem.o" --specs=nano.specs -mfpu=fpv4-sp-d16 -mfloat-abi=hard -mthumb -o "Src/sysmem.o"
../Src/main.c: In function 'main':
../Src/main.c:93:22: warning: variable 'hI2CSlave' set but not used [-Wunused-but-set-variable]
   93 |         I2C_Handle_t hI2CSlave;
      |                      ^~~~~~~~~
../Src/main.c:64:22: warning: variable 'hI2CMaster' set but not used [-Wunused-but-set-variable]
   64 |         I2C_Handle_t hI2CMaster;
      |                      ^~~~~~~~~~
arm-none-eabi-gcc -o "stm32f429_i2c_driver.elf" @"objects.list"   -mcpu=cortex-m4 -T"D:\Users\soumy\GitHub\STM32_MCU_Peripherals\Peripherals\I2C_Test\stm32f429_i2c_driver\STM32F429ZITX_FLASH.ld" --specs=nosys.specs -Wl,-Map="stm32f429_i2c_driver.map" -Wl,--gc-sections -static --specs=nano.specs -mfpu=fpv4-sp-d16 -mfloat-abi=hard -mthumb -Wl,--start-group -lc -lm -Wl,--end-group
Finished building target: stm32f429_i2c_driver.elf
 
arm-none-eabi-size   stm32f429_i2c_driver.elf 
arm-none-eabi-objdump -h -S  stm32f429_i2c_driver.elf  > "stm32f429_i2c_driver.list"
   text	   data	    bss	    dec	    hex	filename
   1960	      8	   1568	   3536	    dd0	stm32f429_i2c_driver.elf
Finished building: default.size.stdout
 
Finished building: stm32f429_i2c_driver.list
 
