Archive member included to satisfy reference by file (symbol)

D:/ST/STM32CubeIDE_1.9.0/STM32CubeIDE/plugins/com.st.stm32cube.ide.mcu.externaltools.gnu-tools-for-stm32.11.3.rel1.win32_1.1.0.202305231506/tools/bin/../lib/gcc/arm-none-eabi/11.3.1/../../../../arm-none-eabi/lib/thumb/v7e-m+fp/hard\libc_nano.a(libc_a-exit.o)
                              D:/ST/STM32CubeIDE_1.9.0/STM32CubeIDE/plugins/com.st.stm32cube.ide.mcu.externaltools.gnu-tools-for-stm32.11.3.rel1.win32_1.1.0.202305231506/tools/bin/../lib/gcc/arm-none-eabi/11.3.1/../../../../arm-none-eabi/lib/thumb/v7e-m+fp/hard/crt0.o (exit)
D:/ST/STM32CubeIDE_1.9.0/STM32CubeIDE/plugins/com.st.stm32cube.ide.mcu.externaltools.gnu-tools-for-stm32.11.3.rel1.win32_1.1.0.202305231506/tools/bin/../lib/gcc/arm-none-eabi/11.3.1/../../../../arm-none-eabi/lib/thumb/v7e-m+fp/hard\libc_nano.a(libc_a-findfp.o)
                              D:/ST/STM32CubeIDE_1.9.0/STM32CubeIDE/plugins/com.st.stm32cube.ide.mcu.externaltools.gnu-tools-for-stm32.11.3.rel1.win32_1.1.0.202305231506/tools/bin/../lib/gcc/arm-none-eabi/11.3.1/../../../../arm-none-eabi/lib/thumb/v7e-m+fp/hard\libc_nano.a(libc_a-exit.o) (__stdio_exit_handler)
D:/ST/STM32CubeIDE_1.9.0/STM32CubeIDE/plugins/com.st.stm32cube.ide.mcu.externaltools.gnu-tools-for-stm32.11.3.rel1.win32_1.1.0.202305231506/tools/bin/../lib/gcc/arm-none-eabi/11.3.1/../../../../arm-none-eabi/lib/thumb/v7e-m+fp/hard\libc_nano.a(libc_a-fwalk.o)
                              D:/ST/STM32CubeIDE_1.9.0/STM32CubeIDE/plugins/com.st.stm32cube.ide.mcu.externaltools.gnu-tools-for-stm32.11.3.rel1.win32_1.1.0.202305231506/tools/bin/../lib/gcc/arm-none-eabi/11.3.1/../../../../arm-none-eabi/lib/thumb/v7e-m+fp/hard\libc_nano.a(libc_a-findfp.o) (_fwalk_sglue)
D:/ST/STM32CubeIDE_1.9.0/STM32CubeIDE/plugins/com.st.stm32cube.ide.mcu.externaltools.gnu-tools-for-stm32.11.3.rel1.win32_1.1.0.202305231506/tools/bin/../lib/gcc/arm-none-eabi/11.3.1/../../../../arm-none-eabi/lib/thumb/v7e-m+fp/hard\libc_nano.a(libc_a-stdio.o)
                              D:/ST/STM32CubeIDE_1.9.0/STM32CubeIDE/plugins/com.st.stm32cube.ide.mcu.externaltools.gnu-tools-for-stm32.11.3.rel1.win32_1.1.0.202305231506/tools/bin/../lib/gcc/arm-none-eabi/11.3.1/../../../../arm-none-eabi/lib/thumb/v7e-m+fp/hard\libc_nano.a(libc_a-findfp.o) (__sread)
D:/ST/STM32CubeIDE_1.9.0/STM32CubeIDE/plugins/com.st.stm32cube.ide.mcu.externaltools.gnu-tools-for-stm32.11.3.rel1.win32_1.1.0.202305231506/tools/bin/../lib/gcc/arm-none-eabi/11.3.1/../../../../arm-none-eabi/lib/thumb/v7e-m+fp/hard\libc_nano.a(libc_a-memset.o)
                              D:/ST/STM32CubeIDE_1.9.0/STM32CubeIDE/plugins/com.st.stm32cube.ide.mcu.externaltools.gnu-tools-for-stm32.11.3.rel1.win32_1.1.0.202305231506/tools/bin/../lib/gcc/arm-none-eabi/11.3.1/../../../../arm-none-eabi/lib/thumb/v7e-m+fp/hard/crt0.o (memset)
D:/ST/STM32CubeIDE_1.9.0/STM32CubeIDE/plugins/com.st.stm32cube.ide.mcu.externaltools.gnu-tools-for-stm32.11.3.rel1.win32_1.1.0.202305231506/tools/bin/../lib/gcc/arm-none-eabi/11.3.1/../../../../arm-none-eabi/lib/thumb/v7e-m+fp/hard\libc_nano.a(libc_a-closer.o)
                              D:/ST/STM32CubeIDE_1.9.0/STM32CubeIDE/plugins/com.st.stm32cube.ide.mcu.externaltools.gnu-tools-for-stm32.11.3.rel1.win32_1.1.0.202305231506/tools/bin/../lib/gcc/arm-none-eabi/11.3.1/../../../../arm-none-eabi/lib/thumb/v7e-m+fp/hard\libc_nano.a(libc_a-stdio.o) (_close_r)
D:/ST/STM32CubeIDE_1.9.0/STM32CubeIDE/plugins/com.st.stm32cube.ide.mcu.externaltools.gnu-tools-for-stm32.11.3.rel1.win32_1.1.0.202305231506/tools/bin/../lib/gcc/arm-none-eabi/11.3.1/../../../../arm-none-eabi/lib/thumb/v7e-m+fp/hard\libc_nano.a(libc_a-reent.o)
                              D:/ST/STM32CubeIDE_1.9.0/STM32CubeIDE/plugins/com.st.stm32cube.ide.mcu.externaltools.gnu-tools-for-stm32.11.3.rel1.win32_1.1.0.202305231506/tools/bin/../lib/gcc/arm-none-eabi/11.3.1/../../../../arm-none-eabi/lib/thumb/v7e-m+fp/hard\libc_nano.a(libc_a-closer.o) (errno)
D:/ST/STM32CubeIDE_1.9.0/STM32CubeIDE/plugins/com.st.stm32cube.ide.mcu.externaltools.gnu-tools-for-stm32.11.3.rel1.win32_1.1.0.202305231506/tools/bin/../lib/gcc/arm-none-eabi/11.3.1/../../../../arm-none-eabi/lib/thumb/v7e-m+fp/hard\libc_nano.a(libc_a-impure.o)
                              D:/ST/STM32CubeIDE_1.9.0/STM32CubeIDE/plugins/com.st.stm32cube.ide.mcu.externaltools.gnu-tools-for-stm32.11.3.rel1.win32_1.1.0.202305231506/tools/bin/../lib/gcc/arm-none-eabi/11.3.1/../../../../arm-none-eabi/lib/thumb/v7e-m+fp/hard\libc_nano.a(libc_a-reent.o) (_impure_ptr)
D:/ST/STM32CubeIDE_1.9.0/STM32CubeIDE/plugins/com.st.stm32cube.ide.mcu.externaltools.gnu-tools-for-stm32.11.3.rel1.win32_1.1.0.202305231506/tools/bin/../lib/gcc/arm-none-eabi/11.3.1/../../../../arm-none-eabi/lib/thumb/v7e-m+fp/hard\libc_nano.a(libc_a-lseekr.o)
[...]
Memory Configuration

Name             Origin             Length             Attributes
CCMRAM           0x0000000010000000 0x0000000000010000 xrw
RAM              0x0000000020000000 0x0000000000020000 xrw
ROM              0x0000000008000000 0x0000000000100000 xr
*default*        0x0000000000000000 0xffffffffffffffff

Linker script and memory map

LOAD D:/ST/STM32CubeIDE_1.9.0/STM32CubeIDE/plugins/com.st.stm32cube.ide.mcu.externaltools.gnu-tools-for-stm32.11.3.rel1.win32_1.1.0.202305231506/tools/bin/../lib/gcc/arm-none-eabi/11.3.1/thumb/v7e-m+fp/hard/crti.o
LOAD D:/ST/STM32CubeIDE_1.9.0/STM32CubeIDE/plugins/com.st.stm32cube.ide.mcu.externaltools.gnu-tools-for-stm32.11.3.rel1.win32_1.1.0.202305231506/tools/bin/../lib/gcc/arm-none-eabi/11.3.1/thumb/v7e-m+fp/hard/crtbegin.o
LOAD D:/ST/STM32CubeIDE_1.9.0/STM32CubeIDE/plugins/com.st.stm32cube.ide.mcu.externaltools.gnu-tools-for-stm32.11.3.rel1.win32_1.1.0.202305231506/tools/bin/../lib/gcc/arm-none-eabi/11.3.1/../../../../arm-none-eabi/lib/thumb/v7e-m+fp/hard/crt0.o
LOAD ./Drivers/BSP/STM32F4-Discovery/stm32f4_discovery.o
LOAD ./Drivers/CMSIS/system_stm32f4xx.o
LOAD ./Drivers/STM32F4xx_HAL_Driver/stm32f4xx_hal.o
LOAD ./Drivers/STM32F4xx_HAL_Driver/stm32f4xx_hal_cortex.o
LOAD ./Drivers/STM32F4xx_HAL_Driver/stm32f4xx_hal_dma.o
LOAD ./Drivers/STM32F4xx_HAL_Driver/stm32f4xx_hal_flash.o
LOAD ./Drivers/STM32F4xx_HAL_Driver/stm32f4xx_hal_flash_ex.o
LOAD ./Drivers/STM32F4xx_HAL_Driver/stm32f4xx_hal_gpio.o
LOAD ./Drivers/STM32F4xx_HAL_Driver/stm32f4xx_hal_i2c.o
LOAD ./Drivers/STM32F4xx_HAL_Driver/stm32f4xx_hal_i2c_ex.o
LOAD ./Drivers/STM32F4xx_HAL_Driver/stm32f4xx_hal_pwr.o
LOAD ./Drivers/STM32F4xx_HAL_Driver/stm32f4xx_hal_pwr_ex.o
LOAD ./Drivers/STM32F4xx_HAL_Driver/stm32f4xx_hal_rcc.o
LOAD ./Drivers/STM32F4xx_HAL_Driver/stm32f4xx_hal_rcc_ex.o
LOAD ./Drivers/STM32F4xx_HAL_Driver/stm32f4xx_hal_spi.o
LOAD ./Example/Startup/startup_stm32f407vgtx.o
LOAD ./Example/User/main.o
LOAD ./Example/User/stm32f4xx_hal_msp.o
LOAD ./Example/User/stm32f4xx_it.o
LOAD ./Example/User/syscalls.o
LOAD ./Example/User/sysmem.o
START GROUP
LOAD D:/ST/STM32CubeIDE_1.9.0/STM32CubeIDE/plugins/com.st.stm32cube.ide.mcu.externaltools.gnu-tools-for-stm32.11.3.rel1.win32_1.1.0.202305231506/tools/bin/../lib/gcc/arm-none-eabi/11.3.1/../../../../arm-none-eabi/lib/thumb/v7e-m+fp/hard\libc_nano.a
LOAD D:/ST/STM32CubeIDE_1.9.0/STM32CubeIDE/plugins/com.st.stm32cube.ide.mcu.externaltools.gnu-tools-for-stm32.11.3.rel1.win32_1.1.0.202305231506/tools/bin/../lib/gcc/arm-none-eabi/11.3.1/../../../../arm-none-eabi/lib/thumb/v7e-m+fp/hard\libm.a
END GROUP
START GROUP
LOAD D:/ST/STM32CubeIDE_1.9.0/STM32CubeIDE/plugins/com.st.stm32cube.ide.mcu.externaltools.gnu-tools-for-stm32.11.3.rel1.win32_1.1.0.202305231506/tools/bin/../lib/gcc/arm-none-eabi/11.3.1/thumb/v7e-m+fp/hard\libgcc.a
LOAD D:/ST/STM32CubeIDE_1.9.0/STM32CubeIDE/plugins/com.st.stm32cube.ide.mcu.externaltools.gnu-tools-for-stm32.11.3.rel1.win32_1.1.0.202305231506/tools/bin/../lib/gcc/arm-none-eabi/11.3.1/../../../../arm-none-eabi/lib/thumb/v7e-m+fp/hard\libc_nano.a
END GROUP
START GROUP
LOAD D:/ST/STM32CubeIDE_1.9.0/STM32CubeIDE/plugins/com.st.stm32cube.ide.mcu.externaltools.gnu-tools-for-stm32.11.3.rel1.win32_1.1.0.202305231506/tools/bin/../lib/gcc/arm-none-eabi/11.3.1/thumb/v7e-m+fp/hard\libgcc.a
LOAD D:/ST/STM32CubeIDE_1.9.0/STM32CubeIDE/plugins/com.st.stm32cube.ide.mcu.externaltools.gnu-tools-for-stm32.11.3.rel1.win32_1.1.0.202305231506/tools/bin/../lib/gcc/arm-none-eabi/11.3.1/../../../../arm-none-eabi/lib/thumb/v7e-m+fp/hard\libc_nano.a
LOAD D:/ST/STM32CubeIDE_1.9.0/STM32CubeIDE/plugins/com.st.stm32cube.ide.mcu.externaltools.gnu-tools-for-stm32.11.3.rel1.win32_1.1.0.202305231506/tools/bin/../lib/gcc/arm-none-eabi/11.3.1/../../../../arm-none-eabi/lib/thumb/v7e-m+fp/hard\libnosys.a
END GROUP
START GROUP
LOAD D:/ST/STM32CubeIDE_1.9.0/STM32CubeIDE/plugins/com.st.stm32cube.ide.mcu.externaltools.gnu-tools-for-stm32.11.3.rel1.win32_1.1.0.202305231506/tools/bin/../lib/gcc/arm-none-eabi/11.3.1/thumb/v7e-m+fp/hard\libgcc.a
LOAD D:/ST/STM32CubeIDE_1.9.0/STM32CubeIDE/plugins/com.st.stm32cube.ide.mcu.externaltools.gnu-tools-for-stm32.11.3.rel1.win32_1.1.0.202305231506/tools/bin/../lib/gcc/arm-none-eabi/11.3.1/../../../../arm-none-eabi/lib/thumb/v7e-m+fp/hard\libc_nano.a
LOAD D:/ST/STM32CubeIDE_1.9.0/STM32CubeIDE/plugins/com.st.stm32cube.ide.mcu.externaltools.gnu-tools-for-stm32.11.3.rel1.win32_1.1.0.202305231506/tools/bin/../lib/gcc/arm-none-eabi/11.3.1/../../../../arm-none-eabi/lib/thumb/v7e-m+fp/hard\libnosys.a
END GROUP
LOAD D:/ST/STM32CubeIDE_1.9.0/STM32CubeIDE/plugins/com.st.stm32cube.ide.mcu.externaltools.gnu-tools-for-stm32.11.3.rel1.win32_1.1.0.202305231506/tools/bin/../lib/gcc/arm-none-eabi/11.3.1/thumb/v7e-m+fp/hard/crtend.o
LOAD D:/ST/STM32CubeIDE_1.9.0/STM32CubeIDE/plugins/com.st.stm32cube.ide.mcu.externaltools.gnu-tools-for-stm32.11.3.rel1.win32_1.1.0.202305231506/tools/bin/../lib/gcc/arm-none-eabi/11.3.1/thumb/v7e-m+fp/hard/crtn.o
                0x0000000020020000                _estack = (ORIGIN (RAM) + LENGTH (RAM))
                0x0000000000000200                _Min_Heap_Size = 0x200
                0x0000000000000400                _Min_Stack_Size = 0x400

.isr_vector     0x0000000008000000      0x188
                0x0000000008000000                . = ALIGN (0x4)
 *(.isr_vector)
 .isr_vector    0x0000000008000000      0x188 ./Example/Startup/startup_stm32f407vgtx.o
                0x0000000008000000                g_pfnVectors
                0x0000000008000188                . = ALIGN (0x4)

.text           0x0000000008000188     0x2290
                0x0000000008000188                . = ALIGN (0x4)
 *(.text)
 .text          0x0000000008000188       0x40 D:/ST/STM32CubeIDE_1.9.0/STM32CubeIDE/plugins/com.st.stm32cube.ide.mcu.externaltools.gnu-tools-for-stm32.11.3.rel1.win32_1.1.0.202305231506/tools/bin/../lib/gcc/arm-none-eabi/11.3.1/thumb/v7e-m+fp/hard/crtbegin.o
 .text          0x00000000080001c8       0x30 D:/ST/STM32CubeIDE_1.9.0/STM32CubeIDE/plugins/com.st.stm32cube.ide.mcu.externaltools.gnu-tools-for-stm32.11.3.rel1.win32_1.1.0.202305231506/tools/bin/../lib/gcc/arm-none-eabi/11.3.1/thumb/v7e-m+fp/hard\libgcc.a(_aeabi_uldivmod.o)
                0x00000000080001c8                __aeabi_uldivmod
 .text          0x00000000080001f8      0x2c8 D:/ST/STM32CubeIDE_1.9.0/STM32CubeIDE/plugins/com.st.stm32cube.ide.mcu.externaltools.gnu-tools-for-stm32.11.3.rel1.win32_1.1.0.202305231506/tools/bin/../lib/gcc/arm-none-eabi/11.3.1/thumb/v7e-m+fp/hard\libgcc.a(_udivmoddi4.o)
                0x00000000080001f8                __udivmoddi4
 .text          0x00000000080004c0        0x4 D:/ST/STM32CubeIDE_1.9.0/STM32CubeIDE/plugins/com.st.stm32cube.ide.mcu.externaltools.gnu-tools-for-stm32.11.3.rel1.win32_1.1.0.202305231506/tools/bin/../lib/gcc/arm-none-eabi/11.3.1/thumb/v7e-m+fp/hard\libgcc.a(_dvmd_tls.o)
                0x00000000080004c0                __aeabi_idiv0
                0x00000000080004c0                __aeabi_ldiv0
 *(.text*)
 .text.BSP_LED_Init
                0x00000000080004c4       0xf0 ./Drivers/BSP/STM32F4-Discovery/stm32f4_discovery.o
                0x00000000080004c4                BSP_LED_Init
 .text.BSP_LED_On
                0x00000000080005b4       0x34 ./Drivers/BSP/STM32F4-Discovery/stm32f4_discovery.o
                0x00000000080005b4                BSP_LED_On
 .text.BSP_LED_Toggle
                0x00000000080005e8       0x34 ./Drivers/BSP/STM32F4-Discovery/stm32f4_discovery.o
                0x00000000080005e8                BSP_LED_Toggle
 .text.SystemInit
                0x000000000800061c       0x6c ./Drivers/CMSIS/system_stm32f4xx.o
                0x000000000800061c                SystemInit
 .text.HAL_Init
                0x0000000008000688       0x38 ./Drivers/STM32F4xx_HAL_Driver/stm32f4xx_hal.o
                0x0000000008000688                HAL_Init
 .text.HAL_MspInit
                0x00000000080006c0        0xe ./Drivers/STM32F4xx_HAL_Driver/stm32f4xx_hal.o
                0x00000000080006c0                HAL_MspInit
 *fill*         0x00000000080006ce        0x2 
 .text.HAL_InitTick
                0x00000000080006d0       0x60 ./Drivers/STM32F4xx_HAL_Driver/stm32f4xx_hal.o
                0x00000000080006d0                HAL_InitTick
 .text.HAL_IncTick
                0x0000000008000730       0x28 ./Drivers/STM32F4xx_HAL_Driver/stm32f4xx_hal.o
                0x0000000008000730                HAL_IncTick
 .text.HAL_GetTick
                0x0000000008000758       0x18 ./Drivers/STM32F4xx_HAL_Driver/stm32f4xx_hal.o
                0x0000000008000758                HAL_GetTick
 .text.HAL_Delay
                0x0000000008000770       0x48 ./Drivers/STM32F4xx_HAL_Driver/stm32f4xx_hal.o
                0x0000000008000770                HAL_Delay
 .text.HAL_GetREVID
                0x00000000080007b8       0x18 ./Drivers/STM32F4xx_HAL_Driver/stm32f4xx_hal.o
                0x00000000080007b8                HAL_GetREVID
 .text.__NVIC_SetPriorityGrouping
                0x00000000080007d0       0x48 ./Drivers/STM32F4xx_HAL_Driver/stm32f4xx_hal_cortex.o
 .text.__NVIC_GetPriorityGrouping
                0x0000000008000818       0x1c ./Drivers/STM32F4xx_HAL_Driver/stm32f4xx_hal_cortex.o
 .text.__NVIC_SetPriority
                0x0000000008000834       0x54 ./Drivers/STM32F4xx_HAL_Driver/stm32f4xx_hal_cortex.o
 .text.NVIC_EncodePriority
                0x0000000008000888       0x66 ./Drivers/STM32F4xx_HAL_Driver/stm32f4xx_hal_cortex.o
 *fill*         0x00000000080008ee        0x2 
 .text.SysTick_Config
                0x00000000080008f0       0x44 ./Drivers/STM32F4xx_HAL_Driver/stm32f4xx_hal_cortex.o
 .text.HAL_NVIC_SetPriorityGrouping
                0x0000000008000934       0x16 ./Drivers/STM32F4xx_HAL_Driver/stm32f4xx_hal_cortex.o
                0x0000000008000934                HAL_NVIC_SetPriorityGrouping
 .text.HAL_NVIC_SetPriority
                0x000000000800094a       0x38 ./Drivers/STM32F4xx_HAL_Driver/stm32f4xx_hal_cortex.o
                0x000000000800094a                HAL_NVIC_SetPriority
 .text.HAL_SYSTICK_Config
                0x0000000008000982       0x18 ./Drivers/STM32F4xx_HAL_Driver/stm32f4xx_hal_cortex.o
                0x0000000008000982                HAL_SYSTICK_Config
 *fill*         0x000000000800099a        0x2 
 .text.HAL_GPIO_Init
                0x000000000800099c      0x338 ./Drivers/STM32F4xx_HAL_Driver/stm32f4xx_hal_gpio.o
                0x000000000800099c                HAL_GPIO_Init
 .text.HAL_GPIO_WritePin
                0x0000000008000cd4       0x32 ./Drivers/STM32F4xx_HAL_Driver/stm32f4xx_hal_gpio.o
                0x0000000008000cd4                HAL_GPIO_WritePin
 .text.HAL_GPIO_TogglePin
                0x0000000008000d06       0x34 ./Drivers/STM32F4xx_HAL_Driver/stm32f4xx_hal_gpio.o
                0x0000000008000d06                HAL_GPIO_TogglePin
 *fill*         0x0000000008000d3a        0x2 
 .text.HAL_I2C_Init
                0x0000000008000d3c      0x288 ./Drivers/STM32F4xx_HAL_Driver/stm32f4xx_hal_i2c.o
                0x0000000008000d3c                HAL_I2C_Init
 .text.HAL_I2C_Slave_Transmit
                0x0000000008000fc4      0x22c ./Drivers/STM32F4xx_HAL_Driver/stm32f4xx_hal_i2c.o
                0x0000000008000fc4                HAL_I2C_Slave_Transmit
 .text.HAL_I2C_Slave_Receive
                0x00000000080011f0      0x214 ./Drivers/STM32F4xx_HAL_Driver/stm32f4xx_hal_i2c.o
                0x00000000080011f0                HAL_I2C_Slave_Receive
 .text.I2C_WaitOnFlagUntilTimeout
                0x0000000008001404       0xf4 ./Drivers/STM32F4xx_HAL_Driver/stm32f4xx_hal_i2c.o
 .text.I2C_WaitOnTXEFlagUntilTimeout
                0x00000000080014f8       0x90 ./Drivers/STM32F4xx_HAL_Driver/stm32f4xx_hal_i2c.o
 .text.I2C_WaitOnSTOPFlagUntilTimeout
                0x0000000008001588       0x88 ./Drivers/STM32F4xx_HAL_Driver/stm32f4xx_hal_i2c.o
 .text.I2C_WaitOnRXNEFlagUntilTimeout
                0x0000000008001610       0xba ./Drivers/STM32F4xx_HAL_Driver/stm32f4xx_hal_i2c.o
 .text.I2C_IsAcknowledgeFailed
                0x00000000080016ca       0x5e ./Drivers/STM32F4xx_HAL_Driver/stm32f4xx_hal_i2c.o
 .text.HAL_RCC_OscConfig
                0x0000000008001728      0x4f0 ./Drivers/STM32F4xx_HAL_Driver/stm32f4xx_hal_rcc.o
                0x0000000008001728                HAL_RCC_OscConfig
 .text.HAL_RCC_ClockConfig
                0x0000000008001c18      0x1cc ./Drivers/STM32F4xx_HAL_Driver/stm32f4xx_hal_rcc.o
                0x0000000008001c18                HAL_RCC_ClockConfig
 .text.HAL_RCC_GetSysClockFreq
                0x0000000008001de4      0x20c ./Drivers/STM32F4xx_HAL_Driver/stm32f4xx_hal_rcc.o
                0x0000000008001de4                HAL_RCC_GetSysClockFreq
 .text.HAL_RCC_GetHCLKFreq
                0x0000000008001ff0       0x18 ./Drivers/STM32F4xx_HAL_Driver/stm32f4xx_hal_rcc.o
                0x0000000008001ff0                HAL_RCC_GetHCLKFreq
 .text.HAL_RCC_GetPCLK1Freq
                0x0000000008002008       0x28 ./Drivers/STM32F4xx_HAL_Driver/stm32f4xx_hal_rcc.o
                0x0000000008002008                HAL_RCC_GetPCLK1Freq
 .text.Reset_Handler
                0x0000000008002030       0x50 ./Example/Startup/startup_stm32f407vgtx.o
                0x0000000008002030                Reset_Handler
 .text.Default_Handler
                0x0000000008002080        0x2 ./Example/Startup/startup_stm32f407vgtx.o
                0x0000000008002080                RTC_Alarm_IRQHandler
                0x0000000008002080                HASH_RNG_IRQHandler
                0x0000000008002080                EXTI2_IRQHandler
                0x0000000008002080                TIM8_CC_IRQHandler
                0x0000000008002080                TIM1_CC_IRQHandler
                0x0000000008002080                DMA2_Stream5_IRQHandler
                0x0000000008002080                DMA1_Stream5_IRQHandler
                0x0000000008002080                PVD_IRQHandler
                0x0000000008002080                SDIO_IRQHandler
                0x0000000008002080                TAMP_STAMP_IRQHandler
                0x0000000008002080                CAN2_RX1_IRQHandler
                0x0000000008002080                EXTI3_IRQHandler
                0x0000000008002080                TIM8_TRG_COM_TIM14_IRQHandler
                0x0000000008002080                TIM1_UP_TIM10_IRQHandler
                0x0000000008002080                TIM8_UP_TIM13_IRQHandler
                0x0000000008002080                I2C3_ER_IRQHandler
                0x0000000008002080                EXTI0_IRQHandler
                0x0000000008002080                I2C2_EV_IRQHandler
                0x0000000008002080                DMA1_Stream2_IRQHandler
                0x0000000008002080                CAN1_RX0_IRQHandler
                0x0000000008002080                FPU_IRQHandler
                0x0000000008002080                OTG_HS_WKUP_IRQHandler
                0x0000000008002080                CAN2_SCE_IRQHandler
                0x0000000008002080                DMA2_Stream2_IRQHandler
                0x0000000008002080                SPI1_IRQHandler
                0x0000000008002080                TIM6_DAC_IRQHandler
                0x0000000008002080                TIM1_BRK_TIM9_IRQHandler
                0x0000000008002080                DCMI_IRQHandler
                0x0000000008002080                CAN2_RX0_IRQHandler
                0x0000000008002080                DMA2_Stream3_IRQHandler
                0x0000000008002080                USART6_IRQHandler
                0x0000000008002080                USART3_IRQHandler
                0x0000000008002080                CAN1_RX1_IRQHandler
                0x0000000008002080                UART5_IRQHandler
                0x0000000008002080                DMA2_Stream0_IRQHandler
                0x0000000008002080                TIM4_IRQHandler
                0x0000000008002080                I2C1_EV_IRQHandler
                0x0000000008002080                DMA1_Stream6_IRQHandler
                0x0000000008002080                DMA1_Stream1_IRQHandler
                0x0000000008002080                UART4_IRQHandler
                0x0000000008002080                TIM3_IRQHandler
                0x0000000008002080                RCC_IRQHandler
                0x0000000008002080                TIM8_BRK_TIM12_IRQHandler
                0x0000000008002080                Default_Handler
                0x0000000008002080                EXTI15_10_IRQHandler
                0x0000000008002080                ADC_IRQHandler
                0x0000000008002080                DMA1_Stream7_IRQHandler
                0x0000000008002080                TIM7_IRQHandler
                0x0000000008002080                CAN2_TX_IRQHandler
                0x0000000008002080                TIM5_IRQHandler
                0x0000000008002080                DMA2_Stream7_IRQHandler
                0x0000000008002080                I2C3_EV_IRQHandler
                0x0000000008002080                EXTI9_5_IRQHandler
                0x0000000008002080                RTC_WKUP_IRQHandler
                0x0000000008002080                ETH_WKUP_IRQHandler
                0x0000000008002080                SPI2_IRQHandler
                0x0000000008002080                OTG_HS_EP1_IN_IRQHandler
                0x0000000008002080                DMA1_Stream0_IRQHandler
                0x0000000008002080                CAN1_TX_IRQHandler
                0x0000000008002080                EXTI4_IRQHandler
                0x0000000008002080                FSMC_IRQHandler
                0x0000000008002080                ETH_IRQHandler
                0x0000000008002080                OTG_HS_EP1_OUT_IRQHandler
                0x0000000008002080                WWDG_IRQHandler
                0x0000000008002080                TIM2_IRQHandler
                0x0000000008002080                OTG_FS_WKUP_IRQHandler
                0x0000000008002080                TIM1_TRG_COM_TIM11_IRQHandler
                0x0000000008002080                OTG_HS_IRQHandler
                0x0000000008002080                EXTI1_IRQHandler
                0x0000000008002080                USART2_IRQHandler
                0x0000000008002080                I2C2_ER_IRQHandler
                0x0000000008002080                DMA2_Stream1_IRQHandler
                0x0000000008002080                CAN1_SCE_IRQHandler
                0x0000000008002080                FLASH_IRQHandler
                0x0000000008002080                DMA2_Stream4_IRQHandler
                0x0000000008002080                USART1_IRQHandler
                0x0000000008002080                OTG_FS_IRQHandler
                0x0000000008002080                SPI3_IRQHandler
                0x0000000008002080                DMA1_Stream4_IRQHandler
                0x0000000008002080                I2C1_ER_IRQHandler
                0x0000000008002080                DMA2_Stream6_IRQHandler
                0x0000000008002080                DMA1_Stream3_IRQHandler
 *fill*         0x0000000008002082        0x2 
 .text.main     0x0000000008002084      0x104 ./Example/User/main.o
                0x0000000008002084                main
 .text.Error_Handler
                0x0000000008002188       0x2c ./Example/User/main.o
 .text.SystemClock_Config
                0x00000000080021b4       0xc0 ./Example/User/main.o
 .text.Buffercmp
                0x0000000008002274       0x44 ./Example/User/main.o
 .text.HAL_I2C_MspInit
                0x00000000080022b8       0xa4 ./Example/User/stm32f4xx_hal_msp.o
                0x00000000080022b8                HAL_I2C_MspInit
 .text.NMI_Handler
                0x000000000800235c        0xe ./Example/User/stm32f4xx_it.o
                0x000000000800235c                NMI_Handler
 .text.HardFault_Handler
                0x000000000800236a        0x6 ./Example/User/stm32f4xx_it.o
                0x000000000800236a                HardFault_Handler
 .text.MemManage_Handler
                0x0000000008002370        0x6 ./Example/User/stm32f4xx_it.o
                0x0000000008002370                MemManage_Handler
 .text.BusFault_Handler
                0x0000000008002376        0x6 ./Example/User/stm32f4xx_it.o
                0x0000000008002376                BusFault_Handler
 .text.UsageFault_Handler
                0x000000000800237c        0x6 ./Example/User/stm32f4xx_it.o
                0x000000000800237c                UsageFault_Handler
 .text.SVC_Handler
                0x0000000008002382        0xe ./Example/User/stm32f4xx_it.o
                0x0000000008002382                SVC_Handler
 .text.DebugMon_Handler
                0x0000000008002390        0xe ./Example/User/stm32f4xx_it.o
                0x0000000008002390                DebugMon_Handler
 .text.PendSV_Handler
                0x000000000800239e        0xe ./Example/User/stm32f4xx_it.o
                0x000000000800239e                PendSV_Handler
 .text.SysTick_Handler
                0x00000000080023ac        0xc ./Example/User/stm32f4xx_it.o
                0x00000000080023ac                SysTick_Handler
 .text.__libc_init_array
                0x00000000080023b8       0x48 D:/ST/STM32CubeIDE_1.9.0/STM32CubeIDE/plugins/com.st.stm32cube.ide.mcu.externaltools.gnu-tools-for-stm32.11.3.rel1.win32_1.1.0.202305231506/tools/bin/../lib/gcc/arm-none-eabi/11.3.1/../../../../arm-none-eabi/lib/thumb/v7e-m+fp/hard\libc_nano.a(libc_a-init.o)
                0x00000000080023b8                __libc_init_array
 *(.glue_7)
 .glue_7        0x0000000008002400        0x0 linker stubs
 *(.glue_7t)
 .glue_7t       0x0000000008002400        0x0 linker stubs
 *(.eh_frame)
 .eh_frame      0x0000000008002400        0x0 D:/ST/STM32CubeIDE_1.9.0/STM32CubeIDE/plugins/com.st.stm32cube.ide.mcu.externaltools.gnu-tools-for-stm32.11.3.rel1.win32_1.1.0.202305231506/tools/bin/../lib/gcc/arm-none-eabi/11.3.1/thumb/v7e-m+fp/hard/crtbegin.o
 *(.init)
 .init          0x0000000008002400        0x4 D:/ST/STM32CubeIDE_1.9.0/STM32CubeIDE/plugins/com.st.stm32cube.ide.mcu.externaltools.gnu-tools-for-stm32.11.3.rel1.win32_1.1.0.202305231506/tools/bin/../lib/gcc/arm-none-eabi/11.3.1/thumb/v7e-m+fp/hard/crti.o
                0x0000000008002400                _init
 .init          0x0000000008002404        0x8 D:/ST/STM32CubeIDE_1.9.0/STM32CubeIDE/plugins/com.st.stm32cube.ide.mcu.externaltools.gnu-tools-for-stm32.11.3.rel1.win32_1.1.0.202305231506/tools/bin/../lib/gcc/arm-none-eabi/11.3.1/thumb/v7e-m+fp/hard/crtn.o
 *(.fini)
 .fini          0x000000000800240c        0x4 D:/ST/STM32CubeIDE_1.9.0/STM32CubeIDE/plugins/com.st.stm32cube.ide.mcu.externaltools.gnu-tools-for-stm32.11.3.rel1.win32_1.1.0.202305231506/tools/bin/../lib/gcc/arm-none-eabi/11.3.1/thumb/v7e-m+fp/hard/crti.o
                0x000000000800240c                _fini
 .fini          0x0000000008002410        0x8 D:/ST/STM32CubeIDE_1.9.0/STM32CubeIDE/plugins/com.st.stm32cube.ide.mcu.externaltools.gnu-tools-for-stm32.11.3.rel1.win32_1.1.0.202305231506/tools/bin/../lib/gcc/arm-none-eabi/11.3.1/thumb/v7e-m+fp/hard/crtn.o
                0x0000000008002418                . = ALIGN (0x4)
                0x0000000008002418                _etext = .

.vfp11_veneer   0x0000000008002418        0x0
 .vfp11_veneer  0x0000000008002418        0x0 linker stubs

.v4_bx          0x0000000008002418        0x0
 .v4_bx         0x0000000008002418        0x0 linker stubs

.iplt           0x0000000008002418        0x0
 .iplt          0x0000000008002418        0x0 D:/ST/STM32CubeIDE_1.9.0/STM32CubeIDE/plugins/com.st.stm32cube.ide.mcu.externaltools.gnu-tools-for-stm32.11.3.rel1.win32_1.1.0.202305231506/tools/bin/../lib/gcc/arm-none-eabi/11.3.1/thumb/v7e-m+fp/hard/crtbegin.o

.rodata         0x0000000008002418       0x20
                0x0000000008002418                . = ALIGN (0x4)
 *(.rodata)
 *(.rodata*)
 .rodata.GPIO_PIN
                0x0000000008002418        0x8 ./Drivers/BSP/STM32F4-Discovery/stm32f4_discovery.o
                0x0000000008002418                GPIO_PIN
 .rodata.AHBPrescTable
                0x0000000008002420       0x10 ./Drivers/CMSIS/system_stm32f4xx.o
                0x0000000008002420                AHBPrescTable
 .rodata.APBPrescTable
                0x0000000008002430        0x8 ./Drivers/CMSIS/system_stm32f4xx.o
                0x0000000008002430                APBPrescTable
                0x0000000008002438                . = ALIGN (0x4)

.ARM.extab      0x0000000008002438        0x0
                0x0000000008002438                . = ALIGN (0x4)
 *(.ARM.extab* .gnu.linkonce.armextab.*)
                0x0000000008002438                . = ALIGN (0x4)

.ARM            0x0000000008002438        0x8
                0x0000000008002438                . = ALIGN (0x4)
                0x0000000008002438                __exidx_start = .
 *(.ARM.exidx*)
 .ARM.exidx     0x0000000008002438        0x8 D:/ST/STM32CubeIDE_1.9.0/STM32CubeIDE/plugins/com.st.stm32cube.ide.mcu.externaltools.gnu-tools-for-stm32.11.3.rel1.win32_1.1.0.202305231506/tools/bin/../lib/gcc/arm-none-eabi/11.3.1/thumb/v7e-m+fp/hard\libgcc.a(_udivmoddi4.o)
                0x0000000008002440                __exidx_end = .
                0x0000000008002440                . = ALIGN (0x4)

.rel.dyn        0x0000000008002440        0x0
 .rel.iplt      0x0000000008002440        0x0 D:/ST/STM32CubeIDE_1.9.0/STM32CubeIDE/plugins/com.st.stm32cube.ide.mcu.externaltools.gnu-tools-for-stm32.11.3.rel1.win32_1.1.0.202305231506/tools/bin/../lib/gcc/arm-none-eabi/11.3.1/thumb/v7e-m+fp/hard/crtbegin.o

.preinit_array  0x0000000008002440        0x0
                0x0000000008002440                . = ALIGN (0x4)
                0x0000000008002440                PROVIDE (__preinit_array_start = .)
 *(.preinit_array*)
                0x0000000008002440                PROVIDE (__preinit_array_end = .)
                0x0000000008002440                . = ALIGN (0x4)

.init_array     0x0000000008002440        0x4
                0x0000000008002440                . = ALIGN (0x4)
                0x0000000008002440                PROVIDE (__init_array_start = .)
 *(SORT_BY_NAME(.init_array.*))
 *(.init_array*)
 .init_array    0x0000000008002440        0x4 D:/ST/STM32CubeIDE_1.9.0/STM32CubeIDE/plugins/com.st.stm32cube.ide.mcu.externaltools.gnu-tools-for-stm32.11.3.rel1.win32_1.1.0.202305231506/tools/bin/../lib/gcc/arm-none-eabi/11.3.1/thumb/v7e-m+fp/hard/crtbegin.o
                0x0000000008002444                PROVIDE (__init_array_end = .)
                0x0000000008002444                . = ALIGN (0x4)

.fini_array     0x0000000008002444        0x4
                0x0000000008002444                . = ALIGN (0x4)
                [!provide]                        PROVIDE (__fini_array_start = .)
 *(SORT_BY_NAME(.fini_array.*))
 *(.fini_array*)
 .fini_array    0x0000000008002444        0x4 D:/ST/STM32CubeIDE_1.9.0/STM32CubeIDE/plugins/com.st.stm32cube.ide.mcu.externaltools.gnu-tools-for-stm32.11.3.rel1.win32_1.1.0.202305231506/tools/bin/../lib/gcc/arm-none-eabi/11.3.1/thumb/v7e-m+fp/hard/crtbegin.o
                [!provide]                        PROVIDE (__fini_array_end = .)
                0x0000000008002448                . = ALIGN (0x4)
                0x0000000008002448                _sidata = LOADADDR (.data)

.data           0x0000000020000000       0xc0 load address 0x0000000008002448
                0x0000000020000000                . = ALIGN (0x4)
                0x0000000020000000                _sdata = .
 *(.data)
 *(.data*)
 .data.GPIO_PORT
                0x0000000020000000       0x10 ./Drivers/BSP/STM32F4-Discovery/stm32f4_discovery.o
                0x0000000020000000                GPIO_PORT
 .data.SystemCoreClock
                0x0000000020000010        0x4 ./Drivers/CMSIS/system_stm32f4xx.o
                0x0000000020000010                SystemCoreClock
 .data.uwTickPrio
                0x0000000020000014        0x4 ./Drivers/STM32F4xx_HAL_Driver/stm32f4xx_hal.o
                0x0000000020000014                uwTickPrio
 .data.uwTickFreq
                0x0000000020000018        0x1 ./Drivers/STM32F4xx_HAL_Driver/stm32f4xx_hal.o
                0x0000000020000018                uwTickFreq
 *fill*         0x0000000020000019        0x3 
 .data.aTxBuffer
                0x000000002000001c       0xa3 ./Example/User/main.o
                0x000000002000001c                aTxBuffer
 *(.RamFunc)
 *(.RamFunc*)
                0x00000000200000c0                . = ALIGN (0x4)
 *fill*         0x00000000200000bf        0x1 
                0x00000000200000c0                _edata = .
                0x0000000008002508                _siccmram = LOADADDR (.ccmram)

.igot.plt       0x00000000200000c0        0x0 load address 0x0000000008002508
 .igot.plt      0x00000000200000c0        0x0 D:/ST/STM32CubeIDE_1.9.0/STM32CubeIDE/plugins/com.st.stm32cube.ide.mcu.externaltools.gnu-tools-for-stm32.11.3.rel1.win32_1.1.0.202305231506/tools/bin/../lib/gcc/arm-none-eabi/11.3.1/thumb/v7e-m+fp/hard/crtbegin.o

.ccmram         0x0000000010000000        0x0 load address 0x0000000008002508
                0x0000000010000000                . = ALIGN (0x4)
                0x0000000010000000                _sccmram = .
 *(.ccmram)
 *(.ccmram*)
                0x0000000010000000                . = ALIGN (0x4)
                0x0000000010000000                _eccmram = .
                0x0000000010000000                . = ALIGN (0x4)

.bss            0x00000000200000c0      0x118
                0x00000000200000c0                _sbss = .
                0x00000000200000c0                __bss_start__ = _sbss
 *(.bss)
 .bss           0x00000000200000c0       0x1c D:/ST/STM32CubeIDE_1.9.0/STM32CubeIDE/plugins/com.st.stm32cube.ide.mcu.externaltools.gnu-tools-for-stm32.11.3.rel1.win32_1.1.0.202305231506/tools/bin/../lib/gcc/arm-none-eabi/11.3.1/thumb/v7e-m+fp/hard/crtbegin.o
 *(.bss*)
 .bss.uwTick    0x00000000200000dc        0x4 ./Drivers/STM32F4xx_HAL_Driver/stm32f4xx_hal.o
                0x00000000200000dc                uwTick
 .bss.I2cHandle
                0x00000000200000e0       0x54 ./Example/User/main.o
                0x00000000200000e0                I2cHandle
 .bss.aRxBuffer
                0x0000000020000134       0xa2 ./Example/User/main.o
                0x0000000020000134                aRxBuffer
 *(COMMON)
                0x00000000200001d8                . = ALIGN (0x4)
 *fill*         0x00000000200001d6        0x2 
                0x00000000200001d8                _ebss = .
                0x00000000200001d8                __bss_end__ = _ebss

._user_heap_stack
                0x00000000200001d8      0x600
                0x00000000200001d8                . = ALIGN (0x8)
                [!provide]                        PROVIDE (end = .)
                0x00000000200001d8                PROVIDE (_end = .)
                0x00000000200003d8                . = (. + _Min_Heap_Size)
 *fill*         0x00000000200001d8      0x200 
                0x00000000200007d8                . = (. + _Min_Stack_Size)
 *fill*         0x00000000200003d8      0x400 
                0x00000000200007d8                . = ALIGN (0x8)

/DISCARD/
 libc.a(*)
 libm.a(*)
 libgcc.a(*)

.ARM.attributes
                0x0000000000000000       0x30
 *(.ARM.attributes)
 .ARM.attributes
                0x0000000000000000       0x1e D:/ST/STM32CubeIDE_1.9.0/STM32CubeIDE/plugins/com.st.stm32cube.ide.mcu.externaltools.gnu-tools-for-stm32.11.3.rel1.win32_1.1.0.202305231506/tools/bin/../lib/gcc/arm-none-eabi/11.3.1/thumb/v7e-m+fp/hard/crti.o
 .ARM.attributes
                0x000000000000001e       0x34 D:/ST/STM32CubeIDE_1.9.0/STM32CubeIDE/plugins/com.st.stm32cube.ide.mcu.externaltools.gnu-tools-for-stm32.11.3.rel1.win32_1.1.0.202305231506/tools/bin/../lib/gcc/arm-none-eabi/11.3.1/thumb/v7e-m+fp/hard/crtbegin.o
 .ARM.attributes
                0x0000000000000052       0x34 ./Drivers/BSP/STM32F4-Discovery/stm32f4_discovery.o
 .ARM.attributes
                0x0000000000000086       0x34 ./Drivers/CMSIS/system_stm32f4xx.o
 .ARM.attributes
                0x00000000000000ba       0x34 ./Drivers/STM32F4xx_HAL_Driver/stm32f4xx_hal.o
 .ARM.attributes
                0x00000000000000ee       0x34 ./Drivers/STM32F4xx_HAL_Driver/stm32f4xx_hal_cortex.o
 .ARM.attributes
                0x0000000000000122       0x34 ./Drivers/STM32F4xx_HAL_Driver/stm32f4xx_hal_gpio.o
 .ARM.attributes
                0x0000000000000156       0x34 ./Drivers/STM32F4xx_HAL_Driver/stm32f4xx_hal_i2c.o
 .ARM.attributes
                0x000000000000018a       0x34 ./Drivers/STM32F4xx_HAL_Driver/stm32f4xx_hal_rcc.o
 .ARM.attributes
                0x00000000000001be       0x21 ./Example/Startup/startup_stm32f407vgtx.o
 .ARM.attributes
                0x00000000000001df       0x34 ./Example/User/main.o
 .ARM.attributes
                0x0000000000000213       0x34 ./Example/User/stm32f4xx_hal_msp.o
 .ARM.attributes
                0x0000000000000247       0x34 ./Example/User/stm32f4xx_it.o
 .ARM.attributes
                0x000000000000027b       0x34 D:/ST/STM32CubeIDE_1.9.0/STM32CubeIDE/plugins/com.st.stm32cube.ide.mcu.externaltools.gnu-tools-for-stm32.11.3.rel1.win32_1.1.0.202305231506/tools/bin/../lib/gcc/arm-none-eabi/11.3.1/../../../../arm-none-eabi/lib/thumb/v7e-m+fp/hard\libc_nano.a(libc_a-init.o)
 .ARM.attributes
                0x00000000000002af       0x1e D:/ST/STM32CubeIDE_1.9.0/STM32CubeIDE/plugins/com.st.stm32cube.ide.mcu.externaltools.gnu-tools-for-stm32.11.3.rel1.win32_1.1.0.202305231506/tools/bin/../lib/gcc/arm-none-eabi/11.3.1/thumb/v7e-m+fp/hard\libgcc.a(_aeabi_uldivmod.o)
 .ARM.attributes
                0x00000000000002cd       0x34 D:/ST/STM32CubeIDE_1.9.0/STM32CubeIDE/plugins/com.st.stm32cube.ide.mcu.externaltools.gnu-tools-for-stm32.11.3.rel1.win32_1.1.0.202305231506/tools/bin/../lib/gcc/arm-none-eabi/11.3.1/thumb/v7e-m+fp/hard\libgcc.a(_udivmoddi4.o)
 .ARM.attributes
                0x0000000000000301       0x1e D:/ST/STM32CubeIDE_1.9.0/STM32CubeIDE/plugins/com.st.stm32cube.ide.mcu.externaltools.gnu-tools-for-stm32.11.3.rel1.win32_1.1.0.202305231506/tools/bin/../lib/gcc/arm-none-eabi/11.3.1/thumb/v7e-m+fp/hard\libgcc.a(_dvmd_tls.o)
 .ARM.attributes
                0x000000000000031f       0x1e D:/ST/STM32CubeIDE_1.9.0/STM32CubeIDE/plugins/com.st.stm32cube.ide.mcu.externaltools.gnu-tools-for-stm32.11.3.rel1.win32_1.1.0.202305231506/tools/bin/../lib/gcc/arm-none-eabi/11.3.1/thumb/v7e-m+fp/hard/crtn.o
OUTPUT(I2C_TwoBoards_ComPolling.elf elf32-littlearm)
LOAD linker stubs
LOAD D:/ST/STM32CubeIDE_1.9.0/STM32CubeIDE/plugins/com.st.stm32cube.ide.mcu.externaltools.gnu-tools-for-stm32.11.3.rel1.win32_1.1.0.202305231506/tools/bin/../lib/gcc/arm-none-eabi/11.3.1/../../../../arm-none-eabi/lib/thumb/v7e-m+fp/hard\libc.a
LOAD D:/ST/STM32CubeIDE_1.9.0/STM32CubeIDE/plugins/com.st.stm32cube.ide.mcu.externaltools.gnu-tools-for-stm32.11.3.rel1.win32_1.1.0.202305231506/tools/bin/../lib/gcc/arm-none-eabi/11.3.1/../../../../arm-none-eabi/lib/thumb/v7e-m+fp/hard\libm.a
LOAD D:/ST/STM32CubeIDE_1.9.0/STM32CubeIDE/plugins/com.st.stm32cube.ide.mcu.externaltools.gnu-tools-for-stm32.11.3.rel1.win32_1.1.0.202305231506/tools/bin/../lib/gcc/arm-none-eabi/11.3.1/thumb/v7e-m+fp/hard\libgcc.a

.comment        0x0000000000000000       0x43
 .comment       0x0000000000000000       0x43 D:/ST/STM32CubeIDE_1.9.0/STM32CubeIDE/plugins/com.st.stm32cube.ide.mcu.externaltools.gnu-tools-for-stm32.11.3.rel1.win32_1.1.0.202305231506/tools/bin/../lib/gcc/arm-none-eabi/11.3.1/thumb/v7e-m+fp/hard/crtbegin.o
                                         0x44 (size before relaxing)
 .comment       0x0000000000000043       0x44 ./Drivers/BSP/STM32F4-Discovery/stm32f4_discovery.o
 .comment       0x0000000000000043       0x44 ./Drivers/CMSIS/system_stm32f4xx.o
 .comment       0x0000000000000043       0x44 ./Drivers/STM32F4xx_HAL_Driver/stm32f4xx_hal.o
 .comment       0x0000000000000043       0x44 ./Drivers/STM32F4xx_HAL_Driver/stm32f4xx_hal_cortex.o
 .comment       0x0000000000000043       0x44 ./Drivers/STM32F4xx_HAL_Driver/stm32f4xx_hal_gpio.o
 .comment       0x0000000000000043       0x44 ./Drivers/STM32F4xx_HAL_Driver/stm32f4xx_hal_i2c.o
 .comment       0x0000000000000043       0x44 ./Drivers/STM32F4xx_HAL_Driver/stm32f4xx_hal_rcc.o
 .comment       0x0000000000000043       0x44 ./Example/User/main.o
 .comment       0x0000000000000043       0x44 ./Example/User/stm32f4xx_hal_msp.o
 .comment       0x0000000000000043       0x44 ./Example/User/stm32f4xx_it.o

.debug_info     0x0000000000000000     0x7b01
 .debug_info    0x0000000000000000     0x15c3 ./Drivers/BSP/STM32F4-Discovery/stm32f4_discovery.o
 .debug_info    0x00000000000015c3      0x512 ./Drivers/CMSIS/system_stm32f4xx.o
 .debug_info    0x0000000000001ad5      0x944 ./Drivers/STM32F4xx_HAL_Driver/stm32f4xx_hal.o
 .debug_info    0x0000000000002419      0xd57 ./Drivers/STM32F4xx_HAL_Driver/stm32f4xx_hal_cortex.o
 .debug_info    0x0000000000003170      0x6c3 ./Drivers/STM32F4xx_HAL_Driver/stm32f4xx_hal_gpio.o
 .debug_info    0x0000000000003833     0x2415 ./Drivers/STM32F4xx_HAL_Driver/stm32f4xx_hal_i2c.o
 .debug_info    0x0000000000005c48      0x8b1 ./Drivers/STM32F4xx_HAL_Driver/stm32f4xx_hal_rcc.o
 .debug_info    0x00000000000064f9       0x23 ./Example/Startup/startup_stm32f407vgtx.o
 .debug_info    0x000000000000651c      0xbca ./Example/User/main.o
 .debug_info    0x00000000000070e6      0x909 ./Example/User/stm32f4xx_hal_msp.o
 .debug_info    0x00000000000079ef      0x112 ./Example/User/stm32f4xx_it.o

.debug_abbrev   0x0000000000000000     0x1500
 .debug_abbrev  0x0000000000000000      0x2fa ./Drivers/BSP/STM32F4-Discovery/stm32f4_discovery.o
 .debug_abbrev  0x00000000000002fa      0x11a ./Drivers/CMSIS/system_stm32f4xx.o
 .debug_abbrev  0x0000000000000414      0x214 ./Drivers/STM32F4xx_HAL_Driver/stm32f4xx_hal.o
 .debug_abbrev  0x0000000000000628      0x328 ./Drivers/STM32F4xx_HAL_Driver/stm32f4xx_hal_cortex.o
 .debug_abbrev  0x0000000000000950      0x1d4 ./Drivers/STM32F4xx_HAL_Driver/stm32f4xx_hal_gpio.o
 .debug_abbrev  0x0000000000000b24      0x2ad ./Drivers/STM32F4xx_HAL_Driver/stm32f4xx_hal_i2c.o
 .debug_abbrev  0x0000000000000dd1      0x2b6 ./Drivers/STM32F4xx_HAL_Driver/stm32f4xx_hal_rcc.o
 .debug_abbrev  0x0000000000001087       0x12 ./Example/Startup/startup_stm32f407vgtx.o
 .debug_abbrev  0x0000000000001099      0x251 ./Example/User/main.o
 .debug_abbrev  0x00000000000012ea      0x1a3 ./Example/User/stm32f4xx_hal_msp.o
 .debug_abbrev  0x000000000000148d       0x73 ./Example/User/stm32f4xx_it.o

.debug_aranges  0x0000000000000000      0x788
 .debug_aranges
                0x0000000000000000       0xd8 ./Drivers/BSP/STM32F4-Discovery/stm32f4_discovery.o
 .debug_aranges
                0x00000000000000d8       0x28 ./Drivers/CMSIS/system_stm32f4xx.o
 .debug_aranges
                0x0000000000000100       0xf0 ./Drivers/STM32F4xx_HAL_Driver/stm32f4xx_hal.o
 .debug_aranges
                0x00000000000001f0      0x120 ./Drivers/STM32F4xx_HAL_Driver/stm32f4xx_hal_cortex.o
 .debug_aranges
                0x0000000000000310       0x58 ./Drivers/STM32F4xx_HAL_Driver/stm32f4xx_hal_gpio.o
 .debug_aranges
                0x0000000000000368      0x2a8 ./Drivers/STM32F4xx_HAL_Driver/stm32f4xx_hal_i2c.o
 .debug_aranges
                0x0000000000000610       0x88 ./Drivers/STM32F4xx_HAL_Driver/stm32f4xx_hal_rcc.o
 .debug_aranges
                0x0000000000000698       0x28 ./Example/Startup/startup_stm32f407vgtx.o
 .debug_aranges
                0x00000000000006c0       0x40 ./Example/User/main.o
 .debug_aranges
                0x0000000000000700       0x28 ./Example/User/stm32f4xx_hal_msp.o
 .debug_aranges
                0x0000000000000728       0x60 ./Example/User/stm32f4xx_it.o

.debug_rnglists
                0x0000000000000000      0x5c1
 .debug_rnglists
                0x0000000000000000       0xa0 ./Drivers/BSP/STM32F4-Discovery/stm32f4_discovery.o
 .debug_rnglists
                0x00000000000000a0       0x1a ./Drivers/CMSIS/system_stm32f4xx.o
 .debug_rnglists
                0x00000000000000ba       0xaf ./Drivers/STM32F4xx_HAL_Driver/stm32f4xx_hal.o
 .debug_rnglists
                0x0000000000000169       0xd4 ./Drivers/STM32F4xx_HAL_Driver/stm32f4xx_hal_cortex.o
 .debug_rnglists
                0x000000000000023d       0x3f ./Drivers/STM32F4xx_HAL_Driver/stm32f4xx_hal_gpio.o
 .debug_rnglists
                0x000000000000027c      0x23c ./Drivers/STM32F4xx_HAL_Driver/stm32f4xx_hal_i2c.o
 .debug_rnglists
                0x00000000000004b8       0x66 ./Drivers/STM32F4xx_HAL_Driver/stm32f4xx_hal_rcc.o
 .debug_rnglists
                0x000000000000051e       0x19 ./Example/Startup/startup_stm32f407vgtx.o
 .debug_rnglists
                0x0000000000000537       0x2d ./Example/User/main.o
 .debug_rnglists
                0x0000000000000564       0x1a ./Example/User/stm32f4xx_hal_msp.o
 .debug_rnglists
                0x000000000000057e       0x43 ./Example/User/stm32f4xx_it.o

.debug_macro    0x0000000000000000    0x1f92d
 .debug_macro   0x0000000000000000      0x1f7 ./Drivers/BSP/STM32F4-Discovery/stm32f4_discovery.o
 .debug_macro   0x00000000000001f7      0xaae ./Drivers/BSP/STM32F4-Discovery/stm32f4_discovery.o
 .debug_macro   0x0000000000000ca5      0x1a5 ./Drivers/BSP/STM32F4-Discovery/stm32f4_discovery.o
 .debug_macro   0x0000000000000e4a       0x2e ./Drivers/BSP/STM32F4-Discovery/stm32f4_discovery.o
 .debug_macro   0x0000000000000e78       0x2f ./Drivers/BSP/STM32F4-Discovery/stm32f4_discovery.o
 .debug_macro   0x0000000000000ea7       0x22 ./Drivers/BSP/STM32F4-Discovery/stm32f4_discovery.o
 .debug_macro   0x0000000000000ec9       0x8e ./Drivers/BSP/STM32F4-Discovery/stm32f4_discovery.o
 .debug_macro   0x0000000000000f57       0x51 ./Drivers/BSP/STM32F4-Discovery/stm32f4_discovery.o
 .debug_macro   0x0000000000000fa8      0x103 ./Drivers/BSP/STM32F4-Discovery/stm32f4_discovery.o
 .debug_macro   0x00000000000010ab       0x6a ./Drivers/BSP/STM32F4-Discovery/stm32f4_discovery.o
 .debug_macro   0x0000000000001115      0x1df ./Drivers/BSP/STM32F4-Discovery/stm32f4_discovery.o
 .debug_macro   0x00000000000012f4       0x1c ./Drivers/BSP/STM32F4-Discovery/stm32f4_discovery.o
 .debug_macro   0x0000000000001310       0x22 ./Drivers/BSP/STM32F4-Discovery/stm32f4_discovery.o
 .debug_macro   0x0000000000001332       0xfb ./Drivers/BSP/STM32F4-Discovery/stm32f4_discovery.o
 .debug_macro   0x000000000000142d     0x1011 ./Drivers/BSP/STM32F4-Discovery/stm32f4_discovery.o
 .debug_macro   0x000000000000243e      0x11f ./Drivers/BSP/STM32F4-Discovery/stm32f4_discovery.o
 .debug_macro   0x000000000000255d    0x15e97 ./Drivers/BSP/STM32F4-Discovery/stm32f4_discovery.o
 .debug_macro   0x00000000000183f4       0x6d ./Drivers/BSP/STM32F4-Discovery/stm32f4_discovery.o
 .debug_macro   0x0000000000018461     0x368c ./Drivers/BSP/STM32F4-Discovery/stm32f4_discovery.o
 .debug_macro   0x000000000001baed      0x174 ./Drivers/BSP/STM32F4-Discovery/stm32f4_discovery.o
 .debug_macro   0x000000000001bc61       0x5c ./Drivers/BSP/STM32F4-Discovery/stm32f4_discovery.o
 .debug_macro   0x000000000001bcbd      0x980 ./Drivers/BSP/STM32F4-Discovery/stm32f4_discovery.o
 .debug_macro   0x000000000001c63d      0x9e9 ./Drivers/BSP/STM32F4-Discovery/stm32f4_discovery.o
 .debug_macro   0x000000000001d026      0x115 ./Drivers/BSP/STM32F4-Discovery/stm32f4_discovery.o
 .debug_macro   0x000000000001d13b      0x13e ./Drivers/BSP/STM32F4-Discovery/stm32f4_discovery.o
 .debug_macro   0x000000000001d279       0xa5 ./Drivers/BSP/STM32F4-Discovery/stm32f4_discovery.o
 .debug_macro   0x000000000001d31e      0x287 ./Drivers/BSP/STM32F4-Discovery/stm32f4_discovery.o
 .debug_macro   0x000000000001d5a5       0x5f ./Drivers/BSP/STM32F4-Discovery/stm32f4_discovery.o
 .debug_macro   0x000000000001d604      0x236 ./Drivers/BSP/STM32F4-Discovery/stm32f4_discovery.o
 .debug_macro   0x000000000001d83a      0x12c ./Drivers/BSP/STM32F4-Discovery/stm32f4_discovery.o
 .debug_macro   0x000000000001d966      0x21e ./Drivers/BSP/STM32F4-Discovery/stm32f4_discovery.o
 .debug_macro   0x000000000001db84       0x2e ./Drivers/BSP/STM32F4-Discovery/stm32f4_discovery.o
 .debug_macro   0x000000000001dbb2      0x1b5 ./Drivers/BSP/STM32F4-Discovery/stm32f4_discovery.o
 .debug_macro   0x000000000001dd67       0xd6 ./Drivers/BSP/STM32F4-Discovery/stm32f4_discovery.o
 .debug_macro   0x000000000001de3d      0x127 ./Drivers/BSP/STM32F4-Discovery/stm32f4_discovery.o
 .debug_macro   0x000000000001df64       0x7e ./Drivers/BSP/STM32F4-Discovery/stm32f4_discovery.o
 .debug_macro   0x000000000001dfe2       0x89 ./Drivers/BSP/STM32F4-Discovery/stm32f4_discovery.o
 .debug_macro   0x000000000001e06b      0x225 ./Drivers/BSP/STM32F4-Discovery/stm32f4_discovery.o
 .debug_macro   0x000000000001e290      0x12d ./Drivers/BSP/STM32F4-Discovery/stm32f4_discovery.o
 .debug_macro   0x000000000001e3bd      0x1d9 ./Drivers/BSP/STM32F4-Discovery/stm32f4_discovery.o
 .debug_macro   0x000000000001e596      0x1d0 ./Drivers/CMSIS/system_stm32f4xx.o
 .debug_macro   0x000000000001e766      0x22a ./Drivers/STM32F4xx_HAL_Driver/stm32f4xx_hal.o
 .debug_macro   0x000000000001e990      0x1ca ./Drivers/STM32F4xx_HAL_Driver/stm32f4xx_hal_cortex.o
 .debug_macro   0x000000000001eb5a      0x1d0 ./Drivers/STM32F4xx_HAL_Driver/stm32f4xx_hal_gpio.o
 .debug_macro   0x000000000001ed2a      0x218 ./Drivers/STM32F4xx_HAL_Driver/stm32f4xx_hal_i2c.o
 .debug_macro   0x000000000001ef42      0x1ee ./Drivers/STM32F4xx_HAL_Driver/stm32f4xx_hal_rcc.o
 .debug_macro   0x000000000001f130      0x1ee ./Example/User/main.o
 .debug_macro   0x000000000001f31e      0x1df ./Example/User/main.o
 .debug_macro   0x000000000001f4fd       0x5e ./Example/User/main.o
 .debug_macro   0x000000000001f55b      0x1e2 ./Example/User/stm32f4xx_hal_msp.o
 .debug_macro   0x000000000001f73d      0x1f0 ./Example/User/stm32f4xx_it.o

.debug_line     0x0000000000000000     0x9976
 .debug_line    0x0000000000000000      0xb52 ./Drivers/BSP/STM32F4-Discovery/stm32f4_discovery.o
 .debug_line    0x0000000000000b52      0x827 ./Drivers/CMSIS/system_stm32f4xx.o
 .debug_line    0x0000000000001379      0xa72 ./Drivers/STM32F4xx_HAL_Driver/stm32f4xx_hal.o
 .debug_line    0x0000000000001deb      0xd3f ./Drivers/STM32F4xx_HAL_Driver/stm32f4xx_hal_cortex.o
 .debug_line    0x0000000000002b2a      0xbe7 ./Drivers/STM32F4xx_HAL_Driver/stm32f4xx_hal_gpio.o
 .debug_line    0x0000000000003711     0x3ad5 ./Drivers/STM32F4xx_HAL_Driver/stm32f4xx_hal_i2c.o
 .debug_line    0x00000000000071e6      0xdec ./Drivers/STM32F4xx_HAL_Driver/stm32f4xx_hal_rcc.o
 .debug_line    0x0000000000007fd2       0x7a ./Example/Startup/startup_stm32f407vgtx.o
 .debug_line    0x000000000000804c      0x8be ./Example/User/main.o
 .debug_line    0x000000000000890a      0x7f0 ./Example/User/stm32f4xx_hal_msp.o
 .debug_line    0x00000000000090fa      0x87c ./Example/User/stm32f4xx_it.o

.debug_str      0x0000000000000000    0xc0a98
 .debug_str     0x0000000000000000    0xbea77 ./Drivers/BSP/STM32F4-Discovery/stm32f4_discovery.o
                                      0xbedcb (size before relaxing)
 .debug_str     0x00000000000bea77      0x143 ./Drivers/CMSIS/system_stm32f4xx.o
                                      0xbd020 (size before relaxing)
 .debug_str     0x00000000000bebba      0x686 ./Drivers/STM32F4xx_HAL_Driver/stm32f4xx_hal.o
                                      0xbdb94 (size before relaxing)
 .debug_str     0x00000000000bf240      0x3a6 ./Drivers/STM32F4xx_HAL_Driver/stm32f4xx_hal_cortex.o
                                      0xbd8de (size before relaxing)
 .debug_str     0x00000000000bf5e6      0x165 ./Drivers/STM32F4xx_HAL_Driver/stm32f4xx_hal_gpio.o
                                      0xbd18b (size before relaxing)
 .debug_str     0x00000000000bf74b      0xba4 ./Drivers/STM32F4xx_HAL_Driver/stm32f4xx_hal_i2c.o
                                      0xbe02e (size before relaxing)
 .debug_str     0x00000000000c02ef      0x3a6 ./Drivers/STM32F4xx_HAL_Driver/stm32f4xx_hal_rcc.o
                                      0xbd444 (size before relaxing)
 .debug_str     0x00000000000c0695       0x37 ./Example/Startup/startup_stm32f407vgtx.o
                                         0xa5 (size before relaxing)
 .debug_str     0x00000000000c06cc      0x249 ./Example/User/main.o
                                      0xbe61f (size before relaxing)
 .debug_str     0x00000000000c0915       0x73 ./Example/User/stm32f4xx_hal_msp.o
                                      0xbe3f6 (size before relaxing)
 .debug_str     0x00000000000c0988      0x110 ./Example/User/stm32f4xx_it.o
                                      0xbddea (size before relaxing)

.debug_frame    0x0000000000000000     0x1e44
 .debug_frame   0x0000000000000000      0x350 ./Drivers/BSP/STM32F4-Discovery/stm32f4_discovery.o
 .debug_frame   0x0000000000000350       0x58 ./Drivers/CMSIS/system_stm32f4xx.o
 .debug_frame   0x00000000000003a8      0x374 ./Drivers/STM32F4xx_HAL_Driver/stm32f4xx_hal.o
 .debug_frame   0x000000000000071c      0x4b8 ./Drivers/STM32F4xx_HAL_Driver/stm32f4xx_hal_cortex.o
 .debug_frame   0x0000000000000bd4      0x14c ./Drivers/STM32F4xx_HAL_Driver/stm32f4xx_hal_gpio.o
 .debug_frame   0x0000000000000d20      0xc84 ./Drivers/STM32F4xx_HAL_Driver/stm32f4xx_hal_i2c.o
 .debug_frame   0x00000000000019a4      0x1f4 ./Drivers/STM32F4xx_HAL_Driver/stm32f4xx_hal_rcc.o
 .debug_frame   0x0000000000001b98       0xbc ./Example/User/main.o
 .debug_frame   0x0000000000001c54       0x58 ./Example/User/stm32f4xx_hal_msp.o
 .debug_frame   0x0000000000001cac      0x10c ./Example/User/stm32f4xx_it.o
 .debug_frame   0x0000000000001db8       0x2c D:/ST/STM32CubeIDE_1.9.0/STM32CubeIDE/plugins/com.st.stm32cube.ide.mcu.externaltools.gnu-tools-for-stm32.11.3.rel1.win32_1.1.0.202305231506/tools/bin/../lib/gcc/arm-none-eabi/11.3.1/../../../../arm-none-eabi/lib/thumb/v7e-m+fp/hard\libc_nano.a(libc_a-init.o)
 .debug_frame   0x0000000000001de4       0x2c D:/ST/STM32CubeIDE_1.9.0/STM32CubeIDE/plugins/com.st.stm32cube.ide.mcu.externaltools.gnu-tools-for-stm32.11.3.rel1.win32_1.1.0.202305231506/tools/bin/../lib/gcc/arm-none-eabi/11.3.1/thumb/v7e-m+fp/hard\libgcc.a(_aeabi_uldivmod.o)
 .debug_frame   0x0000000000001e10       0x34 D:/ST/STM32CubeIDE_1.9.0/STM32CubeIDE/plugins/com.st.stm32cube.ide.mcu.externaltools.gnu-tools-for-stm32.11.3.rel1.win32_1.1.0.202305231506/tools/bin/../lib/gcc/arm-none-eabi/11.3.1/thumb/v7e-m+fp/hard\libgcc.a(_udivmoddi4.o)

.debug_line_str
                0x0000000000000000       0x99
 .debug_line_str
                0x0000000000000000       0x99 ./Example/Startup/startup_stm32f407vgtx.o
                                         0xb1 (size before relaxing)
