../../Drivers/CMSIS/Include/core_cm4.h:1684:22:__NVIC_EnableIRQ	2
../../Drivers/CMSIS/Include/core_cm4.h:1722:22:__NVIC_DisableIRQ	2
../../Drivers/CMSIS/Include/core_cm4.h:1814:22:__NVIC_SetPriority	2
../../Drivers/CMSIS/Include/core_cm4.h:2022:26:SysTick_Config	2
../../Drivers/STM32F4xx_HAL_Driver/Inc/stm32f4xx_ll_bus.h:409:22:LL_AHB1_GRP1_EnableClock	1
../../Drivers/STM32F4xx_HAL_Driver/Inc/stm32f4xx_ll_bus.h:1185:22:LL_APB1_GRP1_EnableClock	1
../../Drivers/STM32F4xx_HAL_Driver/Inc/stm32f4xx_ll_bus.h:1704:22:LL_APB2_GRP1_EnableClock	1
../../Drivers/STM32F4xx_HAL_Driver/Inc/stm32f4xx_ll_rcc.h:2987:22:LL_RCC_HSI_Enable	1
../../Drivers/STM32F4xx_HAL_Driver/Inc/stm32f4xx_ll_rcc.h:3007:26:LL_RCC_HSI_IsReady	1
../../Drivers/STM32F4xx_HAL_Driver/Inc/stm32f4xx_ll_rcc.h:3240:22:LL_RCC_SetAPB1Prescaler	1
../../Drivers/STM32F4xx_HAL_Driver/Inc/stm32f4xx_ll_rcc.h:3256:22:LL_RCC_SetAPB2Prescaler	1
../../Drivers/STM32F4xx_HAL_Driver/Inc/stm32f4xx_ll_system.h:671:22:LL_SYSCFG_SetEXTISource	2
../../Drivers/STM32F4xx_HAL_Driver/Inc/stm32f4xx_ll_system.h:1543:22:LL_FLASH_SetLatency	1
../../Drivers/STM32F4xx_HAL_Driver/Inc/stm32f4xx_ll_gpio.h:273:22:LL_GPIO_SetPinMode	3
../../Drivers/STM32F4xx_HAL_Driver/Inc/stm32f4xx_ll_gpio.h:342:22:LL_GPIO_SetPinOutputType	1
../../Drivers/STM32F4xx_HAL_Driver/Inc/stm32f4xx_ll_gpio.h:413:22:LL_GPIO_SetPinSpeed	3
../../Drivers/STM32F4xx_HAL_Driver/Inc/stm32f4xx_ll_gpio.h:484:22:LL_GPIO_SetPinPull	3
../../Drivers/STM32F4xx_HAL_Driver/Inc/stm32f4xx_ll_gpio.h:556:22:LL_GPIO_SetAFPin_0_7	3
../../Drivers/STM32F4xx_HAL_Driver/Inc/stm32f4xx_ll_gpio.h:633:22:LL_GPIO_SetAFPin_8_15	3
../../Drivers/STM32F4xx_HAL_Driver/Inc/stm32f4xx_ll_gpio.h:881:22:LL_GPIO_SetOutputPin	1
../../Drivers/STM32F4xx_HAL_Driver/Inc/stm32f4xx_ll_gpio.h:910:22:LL_GPIO_ResetOutputPin	1
../../Drivers/STM32F4xx_HAL_Driver/Inc/stm32f4xx_ll_gpio.h:939:22:LL_GPIO_TogglePin	1
../../Drivers/STM32F4xx_HAL_Driver/Inc/stm32f4xx_ll_exti.h:268:22:LL_EXTI_EnableIT_0_31	1
../../Drivers/STM32F4xx_HAL_Driver/Inc/stm32f4xx_ll_exti.h:661:22:LL_EXTI_EnableFallingTrig_0_31	1
../../Drivers/STM32F4xx_HAL_Driver/Inc/stm32f4xx_ll_i2c.h:371:22:LL_I2C_Enable	1
../../Drivers/STM32F4xx_HAL_Driver/Inc/stm32f4xx_ll_i2c.h:382:22:LL_I2C_Disable	1
../../Drivers/STM32F4xx_HAL_Driver/Inc/stm32f4xx_ll_i2c.h:644:22:LL_I2C_SetOwnAddress1	1
../../Drivers/STM32F4xx_HAL_Driver/Inc/stm32f4xx_ll_i2c.h:836:22:LL_I2C_ConfigSpeed	7
../../Drivers/STM32F4xx_HAL_Driver/Inc/stm32f4xx_ll_i2c.h:1093:22:LL_I2C_EnableIT_EVT	1
../../Drivers/STM32F4xx_HAL_Driver/Inc/stm32f4xx_ll_i2c.h:1112:22:LL_I2C_DisableIT_EVT	1
../../Drivers/STM32F4xx_HAL_Driver/Inc/stm32f4xx_ll_i2c.h:1151:22:LL_I2C_DisableIT_BUF	1
../../Drivers/STM32F4xx_HAL_Driver/Inc/stm32f4xx_ll_i2c.h:1183:22:LL_I2C_EnableIT_ERR	1
../../Drivers/STM32F4xx_HAL_Driver/Inc/stm32f4xx_ll_i2c.h:1204:22:LL_I2C_DisableIT_ERR	1
../../Drivers/STM32F4xx_HAL_Driver/Inc/stm32f4xx_ll_i2c.h:1661:22:LL_I2C_AcknowledgeNextData	1
../../Drivers/STM32F4xx_HAL_Driver/Inc/stm32f4xx_ll_i2c.h:1674:22:LL_I2C_GenerateStartCondition	1
../../Drivers/STM32F4xx_HAL_Driver/Inc/stm32f4xx_ll_i2c.h:1685:22:LL_I2C_GenerateStopCondition	1
../../Drivers/STM32F4xx_HAL_Driver/Inc/stm32f4xx_ll_i2c.h:1835:25:LL_I2C_ReceiveData8	1
../../Drivers/STM32F4xx_HAL_Driver/Inc/stm32f4xx_ll_i2c.h:1847:22:LL_I2C_TransmitData8	1
D:/Users/soumy/GitHub/EmbeddedSystems/EmbeddedSystems/FastBit Courses/Peripherals/I2C_OneBoard_Communication_IT/Src/main.c:83:5:main	1
D:/Users/soumy/GitHub/EmbeddedSystems/EmbeddedSystems/FastBit Courses/Peripherals/I2C_OneBoard_Communication_IT/Src/main.c:136:6:Configure_I2C_Slave	1
D:/Users/soumy/GitHub/EmbeddedSystems/EmbeddedSystems/FastBit Courses/Peripherals/I2C_OneBoard_Communication_IT/Src/main.c:224:6:Configure_I2C_Master	1
D:/Users/soumy/GitHub/EmbeddedSystems/EmbeddedSystems/FastBit Courses/Peripherals/I2C_OneBoard_Communication_IT/Src/main.c:317:6:Activate_I2C_Slave	1
D:/Users/soumy/GitHub/EmbeddedSystems/EmbeddedSystems/FastBit Courses/Peripherals/I2C_OneBoard_Communication_IT/Src/main.c:338:6:Activate_I2C_Master	1
D:/Users/soumy/GitHub/EmbeddedSystems/EmbeddedSystems/FastBit Courses/Peripherals/I2C_OneBoard_Communication_IT/Src/main.c:356:6:LED_Init	1
D:/Users/soumy/GitHub/EmbeddedSystems/EmbeddedSystems/FastBit Courses/Peripherals/I2C_OneBoard_Communication_IT/Src/main.c:376:6:LED_On	1
D:/Users/soumy/GitHub/EmbeddedSystems/EmbeddedSystems/FastBit Courses/Peripherals/I2C_OneBoard_Communication_IT/Src/main.c:387:6:LED_Off	1
D:/Users/soumy/GitHub/EmbeddedSystems/EmbeddedSystems/FastBit Courses/Peripherals/I2C_OneBoard_Communication_IT/Src/main.c:402:6:LED_Blinking	1
D:/Users/soumy/GitHub/EmbeddedSystems/EmbeddedSystems/FastBit Courses/Peripherals/I2C_OneBoard_Communication_IT/Src/main.c:420:6:UserButton_Init	1
D:/Users/soumy/GitHub/EmbeddedSystems/EmbeddedSystems/FastBit Courses/Peripherals/I2C_OneBoard_Communication_IT/Src/main.c:447:6:WaitForUserButtonPress	2
D:/Users/soumy/GitHub/EmbeddedSystems/EmbeddedSystems/FastBit Courses/Peripherals/I2C_OneBoard_Communication_IT/Src/main.c:465:6:Handle_I2C_Slave	1
D:/Users/soumy/GitHub/EmbeddedSystems/EmbeddedSystems/FastBit Courses/Peripherals/I2C_OneBoard_Communication_IT/Src/main.c:479:6:Handle_I2C_Master	1
D:/Users/soumy/GitHub/EmbeddedSystems/EmbeddedSystems/FastBit Courses/Peripherals/I2C_OneBoard_Communication_IT/Src/main.c:509:6:SystemClock_Config	2
D:/Users/soumy/GitHub/EmbeddedSystems/EmbeddedSystems/FastBit Courses/Peripherals/I2C_OneBoard_Communication_IT/Src/main.c:555:6:UserButton_Callback	1
D:/Users/soumy/GitHub/EmbeddedSystems/EmbeddedSystems/FastBit Courses/Peripherals/I2C_OneBoard_Communication_IT/Src/main.c:567:6:Slave_Ready_To_Transmit_Callback	1
D:/Users/soumy/GitHub/EmbeddedSystems/EmbeddedSystems/FastBit Courses/Peripherals/I2C_OneBoard_Communication_IT/Src/main.c:588:6:Master_Reception_Callback	5
D:/Users/soumy/GitHub/EmbeddedSystems/EmbeddedSystems/FastBit Courses/Peripherals/I2C_OneBoard_Communication_IT/Src/main.c:630:6:Slave_Complete_Callback	1
D:/Users/soumy/GitHub/EmbeddedSystems/EmbeddedSystems/FastBit Courses/Peripherals/I2C_OneBoard_Communication_IT/Src/main.c:647:6:Master_Complete_Callback	5
D:/Users/soumy/GitHub/EmbeddedSystems/EmbeddedSystems/FastBit Courses/Peripherals/I2C_OneBoard_Communication_IT/Src/main.c:724:6:Error_Callback	1
