D:/Users/soumy/GitHub/STM32_MCU_Peripherals/Peripherals/SPI_Test/SPI_FullDuplex_ComPolling/Drivers/BSP/STM32F429I-Discovery/stm32f429i_discovery.c:165:10:BSP_GetVersion	4	static
D:/Users/soumy/GitHub/STM32_MCU_Peripherals/Peripherals/SPI_Test/SPI_FullDuplex_ComPolling/Drivers/BSP/STM32F429I-Discovery/stm32f429i_discovery.c:177:6:BSP_LED_Init	48	static
D:/Users/soumy/GitHub/STM32_MCU_Peripherals/Peripherals/SPI_Test/SPI_FullDuplex_ComPolling/Drivers/BSP/STM32F429I-Discovery/stm32f429i_discovery.c:202:6:BSP_LED_On	16	static
D:/Users/soumy/GitHub/STM32_MCU_Peripherals/Peripherals/SPI_Test/SPI_FullDuplex_ComPolling/Drivers/BSP/STM32F429I-Discovery/stm32f429i_discovery.c:214:6:BSP_LED_Off	16	static
D:/Users/soumy/GitHub/STM32_MCU_Peripherals/Peripherals/SPI_Test/SPI_FullDuplex_ComPolling/Drivers/BSP/STM32F429I-Discovery/stm32f429i_discovery.c:226:6:BSP_LED_Toggle	16	static
D:/Users/soumy/GitHub/STM32_MCU_Peripherals/Peripherals/SPI_Test/SPI_FullDuplex_ComPolling/Drivers/BSP/STM32F429I-Discovery/stm32f429i_discovery.c:241:6:BSP_PB_Init	40	static
D:/Users/soumy/GitHub/STM32_MCU_Peripherals/Peripherals/SPI_Test/SPI_FullDuplex_ComPolling/Drivers/BSP/STM32F429I-Discovery/stm32f429i_discovery.c:278:10:BSP_PB_GetState	16	static
D:/Users/soumy/GitHub/STM32_MCU_Peripherals/Peripherals/SPI_Test/SPI_FullDuplex_ComPolling/Drivers/BSP/STM32F429I-Discovery/stm32f429i_discovery.c:293:13:I2Cx_MspInit	48	static
D:/Users/soumy/GitHub/STM32_MCU_Peripherals/Peripherals/SPI_Test/SPI_FullDuplex_ComPolling/Drivers/BSP/STM32F429I-Discovery/stm32f429i_discovery.c:407:13:I2Cx_Init	8	static
D:/Users/soumy/GitHub/STM32_MCU_Peripherals/Peripherals/SPI_Test/SPI_FullDuplex_ComPolling/Drivers/BSP/STM32F429I-Discovery/stm32f429i_discovery.c:430:13:I2Cx_ITConfig	32	static
D:/Users/soumy/GitHub/STM32_MCU_Peripherals/Peripherals/SPI_Test/SPI_FullDuplex_ComPolling/Drivers/BSP/STM32F429I-Discovery/stm32f429i_discovery.c:454:13:I2Cx_WriteData	40	static
D:/Users/soumy/GitHub/STM32_MCU_Peripherals/Peripherals/SPI_Test/SPI_FullDuplex_ComPolling/Drivers/BSP/STM32F429I-Discovery/stm32f429i_discovery.c:475:13:I2Cx_WriteBuffer	40	static
D:/Users/soumy/GitHub/STM32_MCU_Peripherals/Peripherals/SPI_Test/SPI_FullDuplex_ComPolling/Drivers/BSP/STM32F429I-Discovery/stm32f429i_discovery.c:495:16:I2Cx_ReadData	40	static
D:/Users/soumy/GitHub/STM32_MCU_Peripherals/Peripherals/SPI_Test/SPI_FullDuplex_ComPolling/Drivers/BSP/STM32F429I-Discovery/stm32f429i_discovery.c:520:16:I2Cx_ReadBuffer	40	static
D:/Users/soumy/GitHub/STM32_MCU_Peripherals/Peripherals/SPI_Test/SPI_FullDuplex_ComPolling/Drivers/BSP/STM32F429I-Discovery/stm32f429i_discovery.c:605:13:I2Cx_Error	8	static
D:/Users/soumy/GitHub/STM32_MCU_Peripherals/Peripherals/SPI_Test/SPI_FullDuplex_ComPolling/Drivers/BSP/STM32F429I-Discovery/stm32f429i_discovery.c:619:13:SPIx_Init	8	static
D:/Users/soumy/GitHub/STM32_MCU_Peripherals/Peripherals/SPI_Test/SPI_FullDuplex_ComPolling/Drivers/BSP/STM32F429I-Discovery/stm32f429i_discovery.c:657:17:SPIx_Read	24	static
D:/Users/soumy/GitHub/STM32_MCU_Peripherals/Peripherals/SPI_Test/SPI_FullDuplex_ComPolling/Drivers/BSP/STM32F429I-Discovery/stm32f429i_discovery.c:678:13:SPIx_Write	24	static
D:/Users/soumy/GitHub/STM32_MCU_Peripherals/Peripherals/SPI_Test/SPI_FullDuplex_ComPolling/Drivers/BSP/STM32F429I-Discovery/stm32f429i_discovery.c:698:16:SPIx_WriteRead	32	static
D:/Users/soumy/GitHub/STM32_MCU_Peripherals/Peripherals/SPI_Test/SPI_FullDuplex_ComPolling/Drivers/BSP/STM32F429I-Discovery/stm32f429i_discovery.c:715:13:SPIx_Error	8	static
D:/Users/soumy/GitHub/STM32_MCU_Peripherals/Peripherals/SPI_Test/SPI_FullDuplex_ComPolling/Drivers/BSP/STM32F429I-Discovery/stm32f429i_discovery.c:728:13:SPIx_MspInit	48	static
D:/Users/soumy/GitHub/STM32_MCU_Peripherals/Peripherals/SPI_Test/SPI_FullDuplex_ComPolling/Drivers/BSP/STM32F429I-Discovery/stm32f429i_discovery.c:752:6:LCD_IO_Init	40	static
D:/Users/soumy/GitHub/STM32_MCU_Peripherals/Peripherals/SPI_Test/SPI_FullDuplex_ComPolling/Drivers/BSP/STM32F429I-Discovery/stm32f429i_discovery.c:796:6:LCD_IO_WriteData	16	static
D:/Users/soumy/GitHub/STM32_MCU_Peripherals/Peripherals/SPI_Test/SPI_FullDuplex_ComPolling/Drivers/BSP/STM32F429I-Discovery/stm32f429i_discovery.c:812:6:LCD_IO_WriteReg	16	static
D:/Users/soumy/GitHub/STM32_MCU_Peripherals/Peripherals/SPI_Test/SPI_FullDuplex_ComPolling/Drivers/BSP/STM32F429I-Discovery/stm32f429i_discovery.c:831:10:LCD_IO_ReadData	24	static
D:/Users/soumy/GitHub/STM32_MCU_Peripherals/Peripherals/SPI_Test/SPI_FullDuplex_ComPolling/Drivers/BSP/STM32F429I-Discovery/stm32f429i_discovery.c:858:6:LCD_Delay	16	static
D:/Users/soumy/GitHub/STM32_MCU_Peripherals/Peripherals/SPI_Test/SPI_FullDuplex_ComPolling/Drivers/BSP/STM32F429I-Discovery/stm32f429i_discovery.c:872:6:IOE_Init	8	static
D:/Users/soumy/GitHub/STM32_MCU_Peripherals/Peripherals/SPI_Test/SPI_FullDuplex_ComPolling/Drivers/BSP/STM32F429I-Discovery/stm32f429i_discovery.c:880:6:IOE_ITConfig	8	static
D:/Users/soumy/GitHub/STM32_MCU_Peripherals/Peripherals/SPI_Test/SPI_FullDuplex_ComPolling/Drivers/BSP/STM32F429I-Discovery/stm32f429i_discovery.c:891:6:IOE_Write	16	static
D:/Users/soumy/GitHub/STM32_MCU_Peripherals/Peripherals/SPI_Test/SPI_FullDuplex_ComPolling/Drivers/BSP/STM32F429I-Discovery/stm32f429i_discovery.c:902:9:IOE_Read	16	static
D:/Users/soumy/GitHub/STM32_MCU_Peripherals/Peripherals/SPI_Test/SPI_FullDuplex_ComPolling/Drivers/BSP/STM32F429I-Discovery/stm32f429i_discovery.c:914:6:IOE_WriteMultiple	16	static
D:/Users/soumy/GitHub/STM32_MCU_Peripherals/Peripherals/SPI_Test/SPI_FullDuplex_ComPolling/Drivers/BSP/STM32F429I-Discovery/stm32f429i_discovery.c:927:10:IOE_ReadMultiple	16	static
D:/Users/soumy/GitHub/STM32_MCU_Peripherals/Peripherals/SPI_Test/SPI_FullDuplex_ComPolling/Drivers/BSP/STM32F429I-Discovery/stm32f429i_discovery.c:936:6:IOE_Delay	16	static
D:/Users/soumy/GitHub/STM32_MCU_Peripherals/Peripherals/SPI_Test/SPI_FullDuplex_ComPolling/Drivers/BSP/STM32F429I-Discovery/stm32f429i_discovery.c:946:6:GYRO_IO_Init	40	static
D:/Users/soumy/GitHub/STM32_MCU_Peripherals/Peripherals/SPI_Test/SPI_FullDuplex_ComPolling/Drivers/BSP/STM32F429I-Discovery/stm32f429i_discovery.c:979:6:GYRO_IO_Write	16	static
D:/Users/soumy/GitHub/STM32_MCU_Peripherals/Peripherals/SPI_Test/SPI_FullDuplex_ComPolling/Drivers/BSP/STM32F429I-Discovery/stm32f429i_discovery.c:1013:6:GYRO_IO_Read	16	static
