D:/Users/soumy/GitHub/STM32_MCU_Peripherals/STM32CubeF4 package/I2C_TwoBoards_ComPolling/Src/main.c:62:5:main	7
D:/Users/soumy/GitHub/STM32_MCU_Peripherals/STM32CubeF4 package/I2C_TwoBoards_ComPolling/Src/main.c:204:13:Error_Handler	1
D:/Users/soumy/GitHub/STM32_MCU_Peripherals/STM32CubeF4 package/I2C_TwoBoards_ComPolling/Src/main.c:236:13:SystemClock_Config	1
D:/Users/soumy/GitHub/STM32_MCU_Peripherals/STM32CubeF4 package/I2C_TwoBoards_ComPolling/Src/main.c:280:7:HAL_I2C_ErrorCallback	1
D:/Users/soumy/GitHub/STM32_MCU_Peripherals/STM32CubeF4 package/I2C_TwoBoards_ComPolling/Src/main.c:293:17:Buffercmp	3
