D:/Users/soumy/GitHub/STM32_MCU_Peripherals/STM32CubeF4 package/I2C_TwoBoards_ComPolling/Src/main.c:62:5:main	16	static
D:/Users/soumy/GitHub/STM32_MCU_Peripherals/STM32CubeF4 package/I2C_TwoBoards_ComPolling/Src/main.c:204:13:Error_Handler	8	static
D:/Users/soumy/GitHub/STM32_MCU_Peripherals/STM32CubeF4 package/I2C_TwoBoards_ComPolling/Src/main.c:236:13:SystemClock_Config	88	static
D:/Users/soumy/GitHub/STM32_MCU_Peripherals/STM32CubeF4 package/I2C_TwoBoards_ComPolling/Src/main.c:280:7:HAL_I2C_ErrorCallback	16	static
D:/Users/soumy/GitHub/STM32_MCU_Peripherals/STM32CubeF4 package/I2C_TwoBoards_ComPolling/Src/main.c:293:17:Buffercmp	24	static
