D:/Users/soumy/GitHub/STM32_MCU_Peripherals/Peripherals/SPI_Test_F407_Slave/SPI_FullDuplex_ComPolling/Src/main.c:62:5:main	16	static
D:/Users/soumy/GitHub/STM32_MCU_Peripherals/Peripherals/SPI_Test_F407_Slave/SPI_FullDuplex_ComPolling/Src/main.c:171:13:Error_Handler	8	static
D:/Users/soumy/GitHub/STM32_MCU_Peripherals/Peripherals/SPI_Test_F407_Slave/SPI_FullDuplex_ComPolling/Src/main.c:200:13:SystemClock_Config	88	static
D:/Users/soumy/GitHub/STM32_MCU_Peripherals/Peripherals/SPI_Test_F407_Slave/SPI_FullDuplex_ComPolling/Src/main.c:248:7:HAL_SPI_ErrorCallback	16	static
D:/Users/soumy/GitHub/STM32_MCU_Peripherals/Peripherals/SPI_Test_F407_Slave/SPI_FullDuplex_ComPolling/Src/main.c:259:13:Timeout_Error_Handler	8	static
D:/Users/soumy/GitHub/STM32_MCU_Peripherals/Peripherals/SPI_Test_F407_Slave/SPI_FullDuplex_ComPolling/Src/main.c:278:17:Buffercmp	24	static
