D:/Users/soumy/GitHub/STM32_MCU_Peripherals/Peripherals/SPI_Test_F407_Slave/SPI_FullDuplex_ComPolling/Src/main.c:62:5:main	7
D:/Users/soumy/GitHub/STM32_MCU_Peripherals/Peripherals/SPI_Test_F407_Slave/SPI_FullDuplex_ComPolling/Src/main.c:171:13:Error_Handler	1
D:/Users/soumy/GitHub/STM32_MCU_Peripherals/Peripherals/SPI_Test_F407_Slave/SPI_FullDuplex_ComPolling/Src/main.c:200:13:SystemClock_Config	2
D:/Users/soumy/GitHub/STM32_MCU_Peripherals/Peripherals/SPI_Test_F407_Slave/SPI_FullDuplex_ComPolling/Src/main.c:248:7:HAL_SPI_ErrorCallback	1
D:/Users/soumy/GitHub/STM32_MCU_Peripherals/Peripherals/SPI_Test_F407_Slave/SPI_FullDuplex_ComPolling/Src/main.c:259:13:Timeout_Error_Handler	1
D:/Users/soumy/GitHub/STM32_MCU_Peripherals/Peripherals/SPI_Test_F407_Slave/SPI_FullDuplex_ComPolling/Src/main.c:278:17:Buffercmp	3
